[2026-08-20 11:42:32] [INF] Now listening on: http://localhost:5054
[2026-08-20 11:42:32] [INF] Application started. Press Ctrl+C to shut down.
[2026-08-20 11:42:32] [INF] Hosting environment: Development
[2026-08-20 11:42:32] [INF] Content root path: C:\Users\Z100179\Desktop\MainFolder\Backend
[2026-08-20 11:42:33] [WRN] Failed to determine the https port for redirect.
[2026-08-20 11:42:33] [INF] HTTP GET /swagger/index.html responded 200 in 201.8542 ms
[2026-08-20 11:42:34] [INF] HTTP GET /swagger/v1/swagger.json responded 200 in 360.7186 ms
[2026-08-20 11:42:47] [INF] HTTP OPTIONS /api/auth/login responded 204 in 9.1495 ms
[2026-08-20 11:42:48] [INF] Login started
[2026-08-20 11:42:49] [INF] User string12345@gmail.com logged in successfully. JWT token generated
[2026-08-20 11:42:49] [INF] Login ended in 1311.09 ms
[2026-08-20 11:42:49] [INF] HTTP POST /api/auth/login responded 200 in 1813.5492 ms
[2026-08-20 11:42:49] [INF] HTTP OPTIONS /api/employees responded 204 in 0.9957 ms
[2026-08-20 11:42:49] [INF] HTTP OPTIONS /api/employees responded 204 in 0.9536 ms
[2026-08-20 11:42:49] [INF] GetEmployees started
[2026-08-20 11:42:49] [INF] Fetched 50 employees
[2026-08-20 11:42:49] [INF] GetEmployees ended in 70.48 ms
[2026-08-20 11:42:49] [INF] HTTP GET /api/employees responded 200 in 283.5330 ms
[2026-08-20 11:42:49] [INF] GetEmployees started
[2026-08-20 11:42:49] [INF] Fetched 50 employees
[2026-08-20 11:42:49] [INF] GetEmployees ended in 7.38 ms
[2026-08-20 11:42:49] [INF] HTTP GET /api/employees responded 200 in 24.8284 ms
[2026-08-20 11:42:49] [INF] HTTP OPTIONS /api/filters responded 204 in 0.2317 ms
[2026-08-20 11:42:49] [INF] HTTP OPTIONS /api/filters responded 204 in 0.0860 ms
[2026-08-20 11:42:49] [INF] GetFilters started
[2026-08-20 11:42:49] [INF] GetFilters started
[2026-08-20 11:42:49] [INF] Loaded 5 departments, 4 locations, 4 employment types, 11 skills
[2026-08-20 11:42:49] [INF] GetFilters ended in 44.07 ms
[2026-08-20 11:42:49] [INF] GetFilters ended in 46.39 ms
[2026-08-20 11:42:49] [INF] HTTP GET /api/filters responded 200 in 60.0512 ms
[2026-08-20 11:42:49] [INF] GetFilters started
[2026-08-20 11:42:49] [INF] GetFilters started
[2026-08-20 11:42:49] [INF] Loaded 5 departments, 4 locations, 4 employment types, 11 skills
[2026-08-20 11:42:49] [INF] GetFilters ended in 6.76 ms
[2026-08-20 11:42:49] [INF] GetFilters ended in 7.77 ms
[2026-08-20 11:42:49] [INF] HTTP GET /api/filters responded 200 in 11.7034 ms
[2026-08-20 11:43:01] [INF] HTTP OPTIONS /api/employees responded 204 in 0.1528 ms
[2026-08-20 11:43:01] [INF] HTTP OPTIONS /api/employees responded 204 in 0.6173 ms
[2026-08-20 11:43:01] [INF] GetEmployees started
[2026-08-20 11:43:01] [INF] Fetched 50 employees
[2026-08-20 11:43:01] [INF] GetEmployees ended in 36.81 ms
[2026-08-20 11:43:01] [INF] HTTP GET /api/employees responded 200 in 45.4443 ms
[2026-08-20 11:43:01] [INF] GetEmployees started
[2026-08-20 11:43:01] [INF] Fetched 50 employees
[2026-08-20 11:43:01] [INF] GetEmployees ended in 8.05 ms
[2026-08-20 11:43:01] [INF] HTTP GET /api/employees responded 200 in 12.8596 ms
[2026-08-20 11:44:09] [INF] HTTP GET /swagger/index.html responded 200 in 1.9987 ms
[2026-08-20 11:44:09] [INF] HTTP GET /swagger/v1/swagger.json responded 200 in 9.3779 ms
[2026-08-20 11:44:29] [INF] HTTP OPTIONS /api/employees responded 204 in 0.4003 ms
[2026-08-20 11:44:29] [INF] HTTP OPTIONS /api/employees responded 204 in 0.2406 ms
[2026-08-20 11:44:29] [INF] HTTP GET /api/employees responded 401 in 27.6061 ms
[2026-08-20 11:44:29] [INF] HTTP GET /api/employees responded 401 in 2.7441 ms
[2026-08-20 11:44:29] [INF] HTTP OPTIONS /api/auth/refresh responded 204 in 0.2274 ms
[2026-08-20 11:44:29] [INF] Refresh started
[2026-08-20 11:44:29] [INF] Access token refreshed successfully for user 5
[2026-08-20 11:44:29] [INF] Refresh ended in 47.58 ms
[2026-08-20 11:44:29] [INF] HTTP POST /api/auth/refresh responded 200 in 61.1438 ms
[2026-08-20 11:44:29] [ERR] Unhandled exception for GET /api/employees
System.MissingMethodException: Attempted to invoke a deleted method implementation. This can happen when a method is deleted or its name or signature is changed while the application is running.
   at Backend.Repositories.EmployeeRepository..ctor(DashboardFilters configuration)
   at ResolveService(ILEmitResolverBuilderRuntimeContext, ServiceProviderEngineScope)
   at Microsoft.Extensions.DependencyInjection.ServiceLookup.ServiceProviderEngineScope.GetService(Type serviceType)
   at lambda_method12(Closure, IServiceProvider, Object[])
   at Microsoft.AspNetCore.Mvc.Controllers.ControllerFactoryProvider.<>c__DisplayClass6_0.<CreateControllerFactory>g__CreateController|0(ControllerContext controllerContext)
   at Microsoft.AspNetCore.Mvc.Infrastructure.ControllerActionInvoker.Next(State& next, Scope& scope, Object& state, Boolean& isCompleted)
   at Microsoft.AspNetCore.Mvc.Infrastructure.ControllerActionInvoker.InvokeInnerFilterAsync()
--- End of stack trace from previous location ---
   at Microsoft.AspNetCore.Mvc.Infrastructure.ResourceInvoker.<InvokeFilterPipelineAsync>g__Awaited|20_0(ResourceInvoker invoker, Task lastTask, State next, Scope scope, Object state, Boolean isCompleted)
   at Microsoft.AspNetCore.Mvc.Infrastructure.ResourceInvoker.<InvokeAsync>g__Awaited|17_0(ResourceInvoker invoker, Task task, IDisposable scope)
   at Microsoft.AspNetCore.Mvc.Infrastructure.ResourceInvoker.<InvokeAsync>g__Awaited|17_0(ResourceInvoker invoker, Task task, IDisposable scope)
   at Microsoft.AspNetCore.Authorization.AuthorizationMiddleware.Invoke(HttpContext context)
   at Backend.Middleware.ExceptionMiddleware.InvokeAsync(HttpContext context)
[2026-08-20 11:44:29] [ERR] HTTP GET /api/employees responded 500 in 77.9108 ms
[2026-08-20 11:44:29] [ERR] Unhandled exception for GET /api/employees
System.MissingMethodException: Attempted to invoke a deleted method implementation. This can happen when a method is deleted or its name or signature is changed while the application is running.
   at Backend.Repositories.EmployeeRepository..ctor(DashboardFilters configuration)
   at ResolveService(ILEmitResolverBuilderRuntimeContext, ServiceProviderEngineScope)
   at Microsoft.Extensions.DependencyInjection.ServiceLookup.ServiceProviderEngineScope.GetService(Type serviceType)
   at lambda_method12(Closure, IServiceProvider, Object[])
   at Microsoft.AspNetCore.Mvc.Controllers.ControllerFactoryProvider.<>c__DisplayClass6_0.<CreateControllerFactory>g__CreateController|0(ControllerContext controllerContext)
   at Microsoft.AspNetCore.Mvc.Infrastructure.ControllerActionInvoker.Next(State& next, Scope& scope, Object& state, Boolean& isCompleted)
   at Microsoft.AspNetCore.Mvc.Infrastructure.ControllerActionInvoker.InvokeInnerFilterAsync()
--- End of stack trace from previous location ---
   at Microsoft.AspNetCore.Mvc.Infrastructure.ResourceInvoker.<InvokeFilterPipelineAsync>g__Awaited|20_0(ResourceInvoker invoker, Task lastTask, State next, Scope scope, Object state, Boolean isCompleted)
   at Microsoft.AspNetCore.Mvc.Infrastructure.ResourceInvoker.<InvokeAsync>g__Awaited|17_0(ResourceInvoker invoker, Task task, IDisposable scope)
   at Microsoft.AspNetCore.Mvc.Infrastructure.ResourceInvoker.<InvokeAsync>g__Awaited|17_0(ResourceInvoker invoker, Task task, IDisposable scope)
   at Microsoft.AspNetCore.Authorization.AuthorizationMiddleware.Invoke(HttpContext context)
   at Backend.Middleware.ExceptionMiddleware.InvokeAsync(HttpContext context)
[2026-08-20 11:44:29] [ERR] HTTP GET /api/employees responded 500 in 5.9018 ms
[2026-08-20 11:44:29] [INF] HTTP OPTIONS /api/filters responded 204 in 0.2586 ms
[2026-08-20 11:44:29] [INF] HTTP OPTIONS /api/filters responded 204 in 0.1700 ms
[2026-08-20 11:44:29] [INF] GetFilters started
[2026-08-20 11:44:29] [INF] GetFilters started
[2026-08-20 11:44:30] [INF] Loaded 5 departments, 4 locations, 4 employment types, 11 skills
[2026-08-20 11:44:30] [INF] GetFilters ended in 27.82 ms
[2026-08-20 11:44:30] [INF] GetFilters ended in 28.3 ms
[2026-08-20 11:44:30] [INF] HTTP GET /api/filters responded 200 in 40.6186 ms
[2026-08-20 11:44:30] [INF] GetFilters started
[2026-08-20 11:44:30] [INF] GetFilters started
[2026-08-20 11:44:30] [INF] Loaded 5 departments, 4 locations, 4 employment types, 11 skills
[2026-08-20 11:44:30] [INF] GetFilters ended in 6.56 ms
[2026-08-20 11:44:30] [INF] GetFilters ended in 7.14 ms
[2026-08-20 11:44:30] [INF] HTTP GET /api/filters responded 200 in 8.9813 ms
[2026-08-20 11:44:37] [INF] HTTP OPTIONS /api/employees responded 204 in 0.2277 ms
[2026-08-20 11:44:37] [INF] HTTP OPTIONS /api/employees responded 204 in 0.2268 ms
[2026-08-20 11:44:37] [ERR] Unhandled exception for GET /api/employees
System.MissingMethodException: Attempted to invoke a deleted method implementation. This can happen when a method is deleted or its name or signature is changed while the application is running.
   at Backend.Repositories.EmployeeRepository..ctor(DashboardFilters configuration)
   at ResolveService(ILEmitResolverBuilderRuntimeContext, ServiceProviderEngineScope)
   at Microsoft.Extensions.DependencyInjection.ServiceLookup.ServiceProviderEngineScope.GetService(Type serviceType)
   at lambda_method12(Closure, IServiceProvider, Object[])
   at Microsoft.AspNetCore.Mvc.Controllers.ControllerFactoryProvider.<>c__DisplayClass6_0.<CreateControllerFactory>g__CreateController|0(ControllerContext controllerContext)
   at Microsoft.AspNetCore.Mvc.Infrastructure.ControllerActionInvoker.Next(State& next, Scope& scope, Object& state, Boolean& isCompleted)
   at Microsoft.AspNetCore.Mvc.Infrastructure.ControllerActionInvoker.InvokeInnerFilterAsync()
--- End of stack trace from previous location ---
   at Microsoft.AspNetCore.Mvc.Infrastructure.ResourceInvoker.<InvokeFilterPipelineAsync>g__Awaited|20_0(ResourceInvoker invoker, Task lastTask, State next, Scope scope, Object state, Boolean isCompleted)
   at Microsoft.AspNetCore.Mvc.Infrastructure.ResourceInvoker.<InvokeAsync>g__Awaited|17_0(ResourceInvoker invoker, Task task, IDisposable scope)
   at Microsoft.AspNetCore.Mvc.Infrastructure.ResourceInvoker.<InvokeAsync>g__Awaited|17_0(ResourceInvoker invoker, Task task, IDisposable scope)
   at Microsoft.AspNetCore.Authorization.AuthorizationMiddleware.Invoke(HttpContext context)
   at Backend.Middleware.ExceptionMiddleware.InvokeAsync(HttpContext context)
[2026-08-20 11:44:37] [ERR] HTTP GET /api/employees responded 500 in 6.4645 ms
[2026-08-20 11:44:37] [ERR] Unhandled exception for GET /api/employees
System.MissingMethodException: Attempted to invoke a deleted method implementation. This can happen when a method is deleted or its name or signature is changed while the application is running.
   at Backend.Repositories.EmployeeRepository..ctor(DashboardFilters configuration)
   at ResolveService(ILEmitResolverBuilderRuntimeContext, ServiceProviderEngineScope)
   at Microsoft.Extensions.DependencyInjection.ServiceLookup.ServiceProviderEngineScope.GetService(Type serviceType)
   at lambda_method12(Closure, IServiceProvider, Object[])
   at Microsoft.AspNetCore.Mvc.Controllers.ControllerFactoryProvider.<>c__DisplayClass6_0.<CreateControllerFactory>g__CreateController|0(ControllerContext controllerContext)
   at Microsoft.AspNetCore.Mvc.Infrastructure.ControllerActionInvoker.Next(State& next, Scope& scope, Object& state, Boolean& isCompleted)
   at Microsoft.AspNetCore.Mvc.Infrastructure.ControllerActionInvoker.InvokeInnerFilterAsync()
--- End of stack trace from previous location ---
   at Microsoft.AspNetCore.Mvc.Infrastructure.ResourceInvoker.<InvokeFilterPipelineAsync>g__Awaited|20_0(ResourceInvoker invoker, Task lastTask, State next, Scope scope, Object state, Boolean isCompleted)
   at Microsoft.AspNetCore.Mvc.Infrastructure.ResourceInvoker.<InvokeAsync>g__Awaited|17_0(ResourceInvoker invoker, Task task, IDisposable scope)
   at Microsoft.AspNetCore.Mvc.Infrastructure.ResourceInvoker.<InvokeAsync>g__Awaited|17_0(ResourceInvoker invoker, Task task, IDisposable scope)
   at Microsoft.AspNetCore.Authorization.AuthorizationMiddleware.Invoke(HttpContext context)
   at Backend.Middleware.ExceptionMiddleware.InvokeAsync(HttpContext context)
[2026-08-20 11:44:37] [ERR] HTTP GET /api/employees responded 500 in 14.8400 ms
[2026-08-20 11:49:10] [INF] Application is shutting down...
[2026-08-20 12:54:45] [INF] Now listening on: http://localhost:5054
[2026-08-20 12:54:45] [INF] Application started. Press Ctrl+C to shut down.
[2026-08-20 12:54:45] [INF] Hosting environment: Development
[2026-08-20 12:54:45] [INF] Content root path: C:\Users\Z100179\Desktop\MainFolder\Backend
[2026-08-20 12:54:46] [WRN] Failed to determine the https port for redirect.
[2026-08-20 12:54:46] [INF] HTTP GET /swagger/index.html responded 200 in 279.0945 ms
[2026-08-20 12:54:46] [INF] HTTP GET /swagger/v1/swagger.json responded 200 in 208.1340 ms
[2026-08-20 12:54:50] [INF] HTTP OPTIONS /api/employees responded 204 in 8.8015 ms
[2026-08-20 12:54:50] [INF] HTTP OPTIONS /api/employees responded 204 in 8.8016 ms
[2026-08-20 12:54:50] [INF] HTTP GET /api/employees responded 401 in 298.6723 ms
[2026-08-20 12:54:50] [INF] HTTP OPTIONS /api/auth/refresh responded 204 in 0.3078 ms
[2026-08-20 12:54:50] [INF] HTTP GET /api/employees responded 401 in 15.1261 ms
[2026-08-20 12:54:50] [INF] Refresh started
[2026-08-20 12:54:51] [INF] Access token refreshed successfully for user 5
[2026-08-20 12:54:51] [INF] Refresh ended in 1080.46 ms
[2026-08-20 12:54:51] [INF] HTTP POST /api/auth/refresh responded 200 in 1296.7638 ms
[2026-08-20 12:54:51] [INF] GetEmployees started
[2026-08-20 12:54:51] [INF] Query executed :
    SELECT
        e.Id,
        e.EmployeeCode,
        e.Name,
        d.Name AS Department,
        et.Name AS EmploymentType,
        l.Name AS Location,
        e.Attendance,
        e.Performance,
        e.ActiveProjects,
        e.ExperienceYears,
        e.Salary,
        e.JoiningYear,
        e.IsActive,
        e.DepartmentId,
        e.EmploymentTypeId,
        e.LocationId
    FROM Employees e
    INNER JOIN Departments d
        ON e.DepartmentId = d.Id
    INNER JOIN Locations l
        ON e.LocationId = l.Id
    INNER JOIN EmploymentTypes et
        ON e.EmploymentTypeId = et.Id
[2026-08-20 12:54:51] [INF] Fetched 50 employees
[2026-08-20 12:54:51] [INF] GetEmployees ended in 75.89 ms
[2026-08-20 12:54:52] [INF] HTTP GET /api/employees responded 200 in 189.8795 ms
[2026-08-20 12:54:52] [INF] GetEmployees started
[2026-08-20 12:54:52] [INF] Query executed :
    SELECT
        e.Id,
        e.EmployeeCode,
        e.Name,
        d.Name AS Department,
        et.Name AS EmploymentType,
        l.Name AS Location,
        e.Attendance,
        e.Performance,
        e.ActiveProjects,
        e.ExperienceYears,
        e.Salary,
        e.JoiningYear,
        e.IsActive,
        e.DepartmentId,
        e.EmploymentTypeId,
        e.LocationId
    FROM Employees e
    INNER JOIN Departments d
        ON e.DepartmentId = d.Id
    INNER JOIN Locations l
        ON e.LocationId = l.Id
    INNER JOIN EmploymentTypes et
        ON e.EmploymentTypeId = et.Id
[2026-08-20 12:54:52] [INF] Fetched 50 employees
[2026-08-20 12:54:52] [INF] GetEmployees ended in 10.57 ms
[2026-08-20 12:54:52] [INF] HTTP GET /api/employees responded 200 in 15.8856 ms
[2026-08-20 12:54:53] [INF] GetEmployees started
[2026-08-20 12:54:53] [INF] Query executed :
    SELECT
        e.Id,
        e.EmployeeCode,
        e.Name,
        d.Name AS Department,
        et.Name AS EmploymentType,
        l.Name AS Location,
        e.Attendance,
        e.Performance,
        e.ActiveProjects,
        e.ExperienceYears,
        e.Salary,
        e.JoiningYear,
        e.IsActive,
        e.DepartmentId,
        e.EmploymentTypeId,
        e.LocationId
    FROM Employees e
    INNER JOIN Departments d
        ON e.DepartmentId = d.Id
    INNER JOIN Locations l
        ON e.LocationId = l.Id
    INNER JOIN EmploymentTypes et
        ON e.EmploymentTypeId = et.Id
[2026-08-20 12:54:53] [INF] Fetched 50 employees
[2026-08-20 12:54:53] [INF] GetEmployees ended in 7.03 ms
[2026-08-20 12:54:53] [INF] HTTP GET /api/employees responded 200 in 13.7758 ms
[2026-08-20 12:54:53] [INF] GetEmployees started
[2026-08-20 12:54:53] [INF] Query executed :
    SELECT
        e.Id,
        e.EmployeeCode,
        e.Name,
        d.Name AS Department,
        et.Name AS EmploymentType,
        l.Name AS Location,
        e.Attendance,
        e.Performance,
        e.ActiveProjects,
        e.ExperienceYears,
        e.Salary,
        e.JoiningYear,
        e.IsActive,
        e.DepartmentId,
        e.EmploymentTypeId,
        e.LocationId
    FROM Employees e
    INNER JOIN Departments d
        ON e.DepartmentId = d.Id
    INNER JOIN Locations l
        ON e.LocationId = l.Id
    INNER JOIN EmploymentTypes et
        ON e.EmploymentTypeId = et.Id
[2026-08-20 12:54:53] [INF] Fetched 50 employees
[2026-08-20 12:54:53] [INF] GetEmployees ended in 7.9 ms
[2026-08-20 12:54:53] [INF] HTTP GET /api/employees responded 200 in 11.6614 ms
[2026-08-20 12:54:53] [INF] HTTP OPTIONS /api/filters responded 204 in 0.2254 ms
[2026-08-20 12:54:53] [INF] HTTP OPTIONS /api/filters responded 204 in 0.1556 ms
[2026-08-20 12:54:53] [INF] GetFilters started
[2026-08-20 12:54:53] [INF] GetFilters started
[2026-08-20 12:54:53] [INF] Loaded 5 departments, 4 locations, 4 employment types, 11 skills
[2026-08-20 12:54:53] [INF] GetFilters ended in 32.61 ms
[2026-08-20 12:54:53] [INF] GetFilters ended in 35.45 ms
[2026-08-20 12:54:53] [INF] HTTP GET /api/filters responded 200 in 58.1426 ms
[2026-08-20 12:54:53] [INF] GetFilters started
[2026-08-20 12:54:53] [INF] GetFilters started
[2026-08-20 12:54:53] [INF] Loaded 5 departments, 4 locations, 4 employment types, 11 skills
[2026-08-20 12:54:53] [INF] GetFilters ended in 9.4 ms
[2026-08-20 12:54:53] [INF] GetFilters ended in 10.22 ms
[2026-08-20 12:54:53] [INF] HTTP GET /api/filters responded 200 in 13.5370 ms
[2026-08-20 12:55:05] [INF] HTTP OPTIONS /api/employees responded 204 in 0.3923 ms
[2026-08-20 12:55:05] [INF] HTTP OPTIONS /api/employees responded 204 in 0.3898 ms
[2026-08-20 12:55:05] [INF] GetEmployees started
[2026-08-20 12:55:05] [INF] Query executed :
    SELECT
        e.Id,
        e.EmployeeCode,
        e.Name,
        d.Name AS Department,
        et.Name AS EmploymentType,
        l.Name AS Location,
        e.Attendance,
        e.Performance,
        e.ActiveProjects,
        e.ExperienceYears,
        e.Salary,
        e.JoiningYear,
        e.IsActive,
        e.DepartmentId,
        e.EmploymentTypeId,
        e.LocationId
    FROM Employees e
    INNER JOIN Departments d
        ON e.DepartmentId = d.Id
    INNER JOIN Locations l
        ON e.LocationId = l.Id
    INNER JOIN EmploymentTypes et
        ON e.EmploymentTypeId = et.Id
[2026-08-20 12:55:05] [INF] Fetched 50 employees
[2026-08-20 12:55:05] [INF] GetEmployees ended in 9.63 ms
[2026-08-20 12:55:05] [INF] HTTP GET /api/employees responded 200 in 13.7230 ms
[2026-08-20 12:55:05] [INF] GetEmployees started
[2026-08-20 12:55:05] [INF] Query executed :
    SELECT
        e.Id,
        e.EmployeeCode,
        e.Name,
        d.Name AS Department,
        et.Name AS EmploymentType,
        l.Name AS Location,
        e.Attendance,
        e.Performance,
        e.ActiveProjects,
        e.ExperienceYears,
        e.Salary,
        e.JoiningYear,
        e.IsActive,
        e.DepartmentId,
        e.EmploymentTypeId,
        e.LocationId
    FROM Employees e
    INNER JOIN Departments d
        ON e.DepartmentId = d.Id
    INNER JOIN Locations l
        ON e.LocationId = l.Id
    INNER JOIN EmploymentTypes et
        ON e.EmploymentTypeId = et.Id
[2026-08-20 12:55:05] [INF] Fetched 50 employees
[2026-08-20 12:55:05] [INF] GetEmployees ended in 15.58 ms
[2026-08-20 12:55:05] [INF] HTTP GET /api/employees responded 200 in 21.9096 ms
[2026-08-20 12:55:18] [INF] HTTP OPTIONS /api/filters responded 204 in 0.2502 ms
[2026-08-20 12:55:18] [INF] HTTP OPTIONS /api/filters responded 204 in 0.2803 ms
[2026-08-20 12:55:18] [INF] GetFilters started
[2026-08-20 12:55:18] [INF] GetFilters started
[2026-08-20 12:55:18] [INF] Loaded 5 departments, 4 locations, 4 employment types, 11 skills
[2026-08-20 12:55:18] [INF] GetFilters ended in 43.34 ms
[2026-08-20 12:55:18] [INF] GetFilters ended in 44.1 ms
[2026-08-20 12:55:18] [INF] HTTP GET /api/filters responded 200 in 48.0402 ms
[2026-08-20 12:55:18] [INF] GetFilters started
[2026-08-20 12:55:18] [INF] GetFilters started
[2026-08-20 12:55:19] [INF] Loaded 5 departments, 4 locations, 4 employment types, 11 skills
[2026-08-20 12:55:19] [INF] GetFilters ended in 23.73 ms
[2026-08-20 12:55:19] [INF] GetFilters ended in 24.31 ms
[2026-08-20 12:55:19] [INF] HTTP GET /api/filters responded 200 in 27.2777 ms
[2026-08-20 12:55:28] [INF] HTTP OPTIONS /api/employees/4 responded 204 in 0.9932 ms
[2026-08-20 12:55:29] [INF] UpdateEmployee started
[2026-08-20 12:55:29] [INF] Employee 4 updated
[2026-08-20 12:55:29] [INF] UpdateEmployee ended in 60.12 ms
[2026-08-20 12:55:29] [INF] HTTP PUT /api/employees/4 responded 200 in 217.5976 ms
[2026-08-20 12:55:29] [INF] HTTP OPTIONS /api/employees responded 204 in 0.2007 ms
[2026-08-20 12:55:29] [INF] GetEmployees started
[2026-08-20 12:55:29] [INF] Query executed :
    SELECT
        e.Id,
        e.EmployeeCode,
        e.Name,
        d.Name AS Department,
        et.Name AS EmploymentType,
        l.Name AS Location,
        e.Attendance,
        e.Performance,
        e.ActiveProjects,
        e.ExperienceYears,
        e.Salary,
        e.JoiningYear,
        e.IsActive,
        e.DepartmentId,
        e.EmploymentTypeId,
        e.LocationId
    FROM Employees e
    INNER JOIN Departments d
        ON e.DepartmentId = d.Id
    INNER JOIN Locations l
        ON e.LocationId = l.Id
    INNER JOIN EmploymentTypes et
        ON e.EmploymentTypeId = et.Id
[2026-08-20 12:55:29] [INF] Fetched 50 employees
[2026-08-20 12:55:29] [INF] GetEmployees ended in 30.19 ms
[2026-08-20 12:55:29] [INF] HTTP GET /api/employees responded 200 in 32.4096 ms
[2026-08-20 12:58:00] [INF] HTTP OPTIONS /api/auth/logout responded 204 in 0.5522 ms
[2026-08-20 12:58:00] [INF] Logout started
[2026-08-20 12:58:00] [INF] User logout completed successfully
[2026-08-20 12:58:00] [INF] Logout ended in 40.13 ms
[2026-08-20 12:58:00] [INF] HTTP POST /api/auth/logout responded 200 in 49.5986 ms
[2026-08-20 13:40:17] [INF] HTTP OPTIONS /api/auth/login responded 204 in 0.2488 ms
[2026-08-20 13:40:17] [INF] Login started
[2026-08-20 13:40:18] [INF] User string12345@gmail.com logged in successfully. JWT token generated
[2026-08-20 13:40:18] [INF] Login ended in 450.37 ms
[2026-08-20 13:40:18] [INF] HTTP POST /api/auth/login responded 200 in 468.6943 ms
[2026-08-20 13:40:18] [INF] HTTP OPTIONS /api/employees responded 204 in 0.1661 ms
[2026-08-20 13:40:18] [INF] HTTP OPTIONS /api/employees responded 204 in 0.1560 ms
[2026-08-20 13:40:18] [INF] GetEmployees started
[2026-08-20 13:40:18] [INF] Query executed :
    SELECT
        e.Id,
        e.EmployeeCode,
        e.Name,
        d.Name AS Department,
        et.Name AS EmploymentType,
        l.Name AS Location,
        e.Attendance,
        e.Performance,
        e.ActiveProjects,
        e.ExperienceYears,
        e.Salary,
        e.JoiningYear,
        e.IsActive,
        e.DepartmentId,
        e.EmploymentTypeId,
        e.LocationId
    FROM Employees e
    INNER JOIN Departments d
        ON e.DepartmentId = d.Id
    INNER JOIN Locations l
        ON e.LocationId = l.Id
    INNER JOIN EmploymentTypes et
        ON e.EmploymentTypeId = et.Id
[2026-08-20 13:40:18] [INF] Fetched 50 employees
[2026-08-20 13:40:18] [INF] GetEmployees ended in 43.02 ms
[2026-08-20 13:40:18] [INF] HTTP GET /api/employees responded 200 in 45.0450 ms
[2026-08-20 13:40:18] [INF] GetEmployees started
[2026-08-20 13:40:18] [INF] Query executed :
    SELECT
        e.Id,
        e.EmployeeCode,
        e.Name,
        d.Name AS Department,
        et.Name AS EmploymentType,
        l.Name AS Location,
        e.Attendance,
        e.Performance,
        e.ActiveProjects,
        e.ExperienceYears,
        e.Salary,
        e.JoiningYear,
        e.IsActive,
        e.DepartmentId,
        e.EmploymentTypeId,
        e.LocationId
    FROM Employees e
    INNER JOIN Departments d
        ON e.DepartmentId = d.Id
    INNER JOIN Locations l
        ON e.LocationId = l.Id
    INNER JOIN EmploymentTypes et
        ON e.EmploymentTypeId = et.Id
[2026-08-20 13:40:18] [INF] Fetched 50 employees
[2026-08-20 13:40:18] [INF] GetEmployees ended in 6.53 ms
[2026-08-20 13:40:18] [INF] HTTP GET /api/employees responded 200 in 8.2136 ms
[2026-08-20 13:40:18] [INF] HTTP OPTIONS /api/filters responded 204 in 0.1592 ms
[2026-08-20 13:40:18] [INF] HTTP OPTIONS /api/filters responded 204 in 0.1165 ms
[2026-08-20 13:40:18] [INF] GetFilters started
[2026-08-20 13:40:18] [INF] GetFilters started
[2026-08-20 13:40:18] [INF] Loaded 5 departments, 4 locations, 4 employment types, 11 skills
[2026-08-20 13:40:18] [INF] GetFilters ended in 20.67 ms
[2026-08-20 13:40:18] [INF] GetFilters ended in 21.09 ms
[2026-08-20 13:40:18] [INF] HTTP GET /api/filters responded 200 in 22.6813 ms
[2026-08-20 13:40:18] [INF] GetFilters started
[2026-08-20 13:40:18] [INF] GetFilters started
[2026-08-20 13:40:18] [INF] Loaded 5 departments, 4 locations, 4 employment types, 11 skills
[2026-08-20 13:40:18] [INF] GetFilters ended in 5.62 ms
[2026-08-20 13:40:18] [INF] GetFilters ended in 5.99 ms
[2026-08-20 13:40:18] [INF] HTTP GET /api/filters responded 200 in 7.6170 ms
[2026-08-20 13:40:22] [INF] GetEmployees started
[2026-08-20 13:40:22] [INF] Query executed :
    SELECT
        e.Id,
        e.EmployeeCode,
        e.Name,
        d.Name AS Department,
        et.Name AS EmploymentType,
        l.Name AS Location,
        e.Attendance,
        e.Performance,
        e.ActiveProjects,
        e.ExperienceYears,
        e.Salary,
        e.JoiningYear,
        e.IsActive,
        e.DepartmentId,
        e.EmploymentTypeId,
        e.LocationId
    FROM Employees e
    INNER JOIN Departments d
        ON e.DepartmentId = d.Id
    INNER JOIN Locations l
        ON e.LocationId = l.Id
    INNER JOIN EmploymentTypes et
        ON e.EmploymentTypeId = et.Id
[2026-08-20 13:40:22] [INF] Fetched 50 employees
[2026-08-20 13:40:22] [INF] GetEmployees ended in 7.68 ms
[2026-08-20 13:40:22] [INF] HTTP GET /api/employees responded 200 in 11.0278 ms
[2026-08-20 13:40:22] [INF] GetEmployees started
[2026-08-20 13:40:22] [INF] Query executed :
    SELECT
        e.Id,
        e.EmployeeCode,
        e.Name,
        d.Name AS Department,
        et.Name AS EmploymentType,
        l.Name AS Location,
        e.Attendance,
        e.Performance,
        e.ActiveProjects,
        e.ExperienceYears,
        e.Salary,
        e.JoiningYear,
        e.IsActive,
        e.DepartmentId,
        e.EmploymentTypeId,
        e.LocationId
    FROM Employees e
    INNER JOIN Departments d
        ON e.DepartmentId = d.Id
    INNER JOIN Locations l
        ON e.LocationId = l.Id
    INNER JOIN EmploymentTypes et
        ON e.EmploymentTypeId = et.Id
[2026-08-20 13:40:22] [INF] Fetched 50 employees
[2026-08-20 13:40:22] [INF] GetEmployees ended in 11.26 ms
[2026-08-20 13:40:22] [INF] HTTP GET /api/employees responded 200 in 14.1774 ms
[2026-08-20 13:40:35] [INF] HTTP OPTIONS /api/filters responded 204 in 0.0797 ms
[2026-08-20 13:40:35] [INF] HTTP OPTIONS /api/filters responded 204 in 0.4519 ms
[2026-08-20 13:40:35] [INF] GetFilters started
[2026-08-20 13:40:35] [INF] GetFilters started
[2026-08-20 13:40:35] [INF] Loaded 5 departments, 4 locations, 4 employment types, 11 skills
[2026-08-20 13:40:35] [INF] GetFilters ended in 4.18 ms
[2026-08-20 13:40:35] [INF] GetFilters ended in 4.44 ms
[2026-08-20 13:40:35] [INF] HTTP GET /api/filters responded 200 in 5.6637 ms
[2026-08-20 13:40:35] [INF] GetFilters started
[2026-08-20 13:40:35] [INF] GetFilters started
[2026-08-20 13:40:35] [INF] Loaded 5 departments, 4 locations, 4 employment types, 11 skills
[2026-08-20 13:40:35] [INF] GetFilters ended in 11.4 ms
[2026-08-20 13:40:35] [INF] GetFilters ended in 11.75 ms
[2026-08-20 13:40:35] [INF] HTTP GET /api/filters responded 200 in 13.5467 ms
[2026-08-20 13:40:42] [INF] HTTP OPTIONS /api/employees/3 responded 204 in 0.1411 ms
[2026-08-20 13:40:42] [INF] UpdateEmployee started
[2026-08-20 13:40:42] [INF] Employee 3 updated
[2026-08-20 13:40:42] [INF] UpdateEmployee ended in 43.02 ms
[2026-08-20 13:40:42] [INF] HTTP PUT /api/employees/3 responded 200 in 46.3066 ms
[2026-08-20 13:40:42] [INF] HTTP OPTIONS /api/employees responded 204 in 0.1330 ms
[2026-08-20 13:40:42] [INF] GetEmployees started
[2026-08-20 13:40:42] [INF] Query executed :
    SELECT
        e.Id,
        e.EmployeeCode,
        e.Name,
        d.Name AS Department,
        et.Name AS EmploymentType,
        l.Name AS Location,
        e.Attendance,
        e.Performance,
        e.ActiveProjects,
        e.ExperienceYears,
        e.Salary,
        e.JoiningYear,
        e.IsActive,
        e.DepartmentId,
        e.EmploymentTypeId,
        e.LocationId
    FROM Employees e
    INNER JOIN Departments d
        ON e.DepartmentId = d.Id
    INNER JOIN Locations l
        ON e.LocationId = l.Id
    INNER JOIN EmploymentTypes et
        ON e.EmploymentTypeId = et.Id
[2026-08-20 13:40:42] [INF] Fetched 50 employees
[2026-08-20 13:40:42] [INF] GetEmployees ended in 3.57 ms
[2026-08-20 13:40:42] [INF] HTTP GET /api/employees responded 200 in 5.2029 ms
[2026-08-20 13:42:23] [INF] HTTP OPTIONS /api/employees/50 responded 204 in 0.1151 ms
[2026-08-20 13:42:23] [INF] HTTP DELETE /api/employees/50 responded 401 in 1.1271 ms
[2026-08-20 13:42:23] [INF] HTTP OPTIONS /api/auth/refresh responded 204 in 0.1041 ms
[2026-08-20 13:42:23] [INF] Refresh started
[2026-08-20 13:42:24] [INF] Access token refreshed successfully for user 5
[2026-08-20 13:42:24] [INF] Refresh ended in 44.51 ms
[2026-08-20 13:42:24] [INF] HTTP POST /api/auth/refresh responded 200 in 46.3818 ms
[2026-08-20 13:42:24] [INF] DeleteEmployee started
[2026-08-20 13:42:24] [INF] Employee 50 deleted
[2026-08-20 13:42:24] [INF] DeleteEmployee ended in 59.39 ms
[2026-08-20 13:42:24] [INF] HTTP DELETE /api/employees/50 responded 200 in 66.9625 ms
[2026-08-20 13:42:24] [INF] HTTP OPTIONS /api/employees responded 204 in 0.1130 ms
[2026-08-20 13:42:24] [INF] GetEmployees started
[2026-08-20 13:42:24] [INF] Query executed :
    SELECT
        e.Id,
        e.EmployeeCode,
        e.Name,
        d.Name AS Department,
        et.Name AS EmploymentType,
        l.Name AS Location,
        e.Attendance,
        e.Performance,
        e.ActiveProjects,
        e.ExperienceYears,
        e.Salary,
        e.JoiningYear,
        e.IsActive,
        e.DepartmentId,
        e.EmploymentTypeId,
        e.LocationId
    FROM Employees e
    INNER JOIN Departments d
        ON e.DepartmentId = d.Id
    INNER JOIN Locations l
        ON e.LocationId = l.Id
    INNER JOIN EmploymentTypes et
        ON e.EmploymentTypeId = et.Id
[2026-08-20 13:42:24] [INF] Fetched 49 employees
[2026-08-20 13:42:24] [INF] GetEmployees ended in 30.98 ms
[2026-08-20 13:42:24] [INF] HTTP GET /api/employees responded 200 in 32.5021 ms
[2026-08-20 13:44:35] [INF] HTTP OPTIONS /api/employees responded 204 in 0.0504 ms
[2026-08-20 13:44:35] [INF] HTTP OPTIONS /api/employees responded 204 in 0.1224 ms
[2026-08-20 13:44:35] [INF] HTTP GET /api/employees responded 401 in 1.5693 ms
[2026-08-20 13:44:35] [INF] HTTP GET /api/employees responded 401 in 1.2323 ms
[2026-08-20 13:44:35] [INF] HTTP OPTIONS /api/auth/refresh responded 204 in 0.1207 ms
[2026-08-20 13:44:35] [INF] Refresh started
[2026-08-20 13:44:35] [INF] Access token refreshed successfully for user 5
[2026-08-20 13:44:35] [INF] Refresh ended in 32.96 ms
[2026-08-20 13:44:35] [INF] HTTP POST /api/auth/refresh responded 200 in 42.8461 ms
[2026-08-20 13:44:35] [INF] GetEmployees started
[2026-08-20 13:44:35] [INF] Query executed :
    SELECT
        e.Id,
        e.EmployeeCode,
        e.Name,
        d.Name AS Department,
        et.Name AS EmploymentType,
        l.Name AS Location,
        e.Attendance,
        e.Performance,
        e.ActiveProjects,
        e.ExperienceYears,
        e.Salary,
        e.JoiningYear,
        e.IsActive,
        e.DepartmentId,
        e.EmploymentTypeId,
        e.LocationId
    FROM Employees e
    INNER JOIN Departments d
        ON e.DepartmentId = d.Id
    INNER JOIN Locations l
        ON e.LocationId = l.Id
    INNER JOIN EmploymentTypes et
        ON e.EmploymentTypeId = et.Id
[2026-08-20 13:44:35] [INF] Fetched 49 employees
[2026-08-20 13:44:35] [INF] GetEmployees ended in 36.06 ms
[2026-08-20 13:44:35] [INF] HTTP GET /api/employees responded 200 in 50.1732 ms
[2026-08-20 13:44:35] [INF] GetEmployees started
[2026-08-20 13:44:35] [INF] Query executed :
    SELECT
        e.Id,
        e.EmployeeCode,
        e.Name,
        d.Name AS Department,
        et.Name AS EmploymentType,
        l.Name AS Location,
        e.Attendance,
        e.Performance,
        e.ActiveProjects,
        e.ExperienceYears,
        e.Salary,
        e.JoiningYear,
        e.IsActive,
        e.DepartmentId,
        e.EmploymentTypeId,
        e.LocationId
    FROM Employees e
    INNER JOIN Departments d
        ON e.DepartmentId = d.Id
    INNER JOIN Locations l
        ON e.LocationId = l.Id
    INNER JOIN EmploymentTypes et
        ON e.EmploymentTypeId = et.Id
[2026-08-20 13:44:35] [INF] Fetched 49 employees
[2026-08-20 13:44:35] [INF] GetEmployees ended in 9.83 ms
[2026-08-20 13:44:35] [INF] HTTP GET /api/employees responded 200 in 11.6376 ms
[2026-08-20 13:44:37] [INF] GetEmployees started
[2026-08-20 13:44:37] [INF] Query executed :
    SELECT
        e.Id,
        e.EmployeeCode,
        e.Name,
        d.Name AS Department,
        et.Name AS EmploymentType,
        l.Name AS Location,
        e.Attendance,
        e.Performance,
        e.ActiveProjects,
        e.ExperienceYears,
        e.Salary,
        e.JoiningYear,
        e.IsActive,
        e.DepartmentId,
        e.EmploymentTypeId,
        e.LocationId
    FROM Employees e
    INNER JOIN Departments d
        ON e.DepartmentId = d.Id
    INNER JOIN Locations l
        ON e.LocationId = l.Id
    INNER JOIN EmploymentTypes et
        ON e.EmploymentTypeId = et.Id
[2026-08-20 13:44:37] [INF] Fetched 49 employees
[2026-08-20 13:44:37] [INF] GetEmployees ended in 7.59 ms
[2026-08-20 13:44:37] [INF] HTTP GET /api/employees responded 200 in 9.7928 ms
[2026-08-20 13:44:37] [INF] GetEmployees started
[2026-08-20 13:44:37] [INF] Query executed :
    SELECT
        e.Id,
        e.EmployeeCode,
        e.Name,
        d.Name AS Department,
        et.Name AS EmploymentType,
        l.Name AS Location,
        e.Attendance,
        e.Performance,
        e.ActiveProjects,
        e.ExperienceYears,
        e.Salary,
        e.JoiningYear,
        e.IsActive,
        e.DepartmentId,
        e.EmploymentTypeId,
        e.LocationId
    FROM Employees e
    INNER JOIN Departments d
        ON e.DepartmentId = d.Id
    INNER JOIN Locations l
        ON e.LocationId = l.Id
    INNER JOIN EmploymentTypes et
        ON e.EmploymentTypeId = et.Id
[2026-08-20 13:44:37] [INF] Fetched 49 employees
[2026-08-20 13:44:37] [INF] GetEmployees ended in 4.95 ms
[2026-08-20 13:44:37] [INF] HTTP GET /api/employees responded 200 in 8.0117 ms
[2026-08-20 14:17:50] [INF] HTTP OPTIONS /api/filters responded 204 in 0.1275 ms
[2026-08-20 14:17:50] [INF] HTTP OPTIONS /api/filters responded 204 in 0.0791 ms
[2026-08-20 14:17:50] [INF] GetFilters started
[2026-08-20 14:17:50] [INF] GetFilters started
[2026-08-20 14:17:51] [INF] Loaded 5 departments, 4 locations, 4 employment types, 11 skills
[2026-08-20 14:17:51] [INF] GetFilters ended in 274.89 ms
[2026-08-20 14:17:51] [INF] GetFilters ended in 275.21 ms
[2026-08-20 14:17:51] [INF] HTTP GET /api/filters responded 200 in 292.8468 ms
[2026-08-20 14:17:51] [INF] GetFilters started
[2026-08-20 14:17:51] [INF] GetFilters started
[2026-08-20 14:17:51] [INF] Loaded 5 departments, 4 locations, 4 employment types, 11 skills
[2026-08-20 14:17:51] [INF] GetFilters ended in 9.65 ms
[2026-08-20 14:17:51] [INF] GetFilters ended in 10.09 ms
[2026-08-20 14:17:51] [INF] HTTP GET /api/filters responded 200 in 11.8001 ms
[2026-08-20 14:17:56] [INF] HTTP OPTIONS /api/employees/7 responded 204 in 0.1342 ms
[2026-08-20 14:17:56] [INF] HTTP PUT /api/employees/7 responded 401 in 1.1785 ms
[2026-08-20 14:17:56] [INF] HTTP OPTIONS /api/auth/refresh responded 204 in 0.1020 ms
[2026-08-20 14:17:56] [INF] Refresh started
[2026-08-20 14:17:56] [INF] Access token refreshed successfully for user 5
[2026-08-20 14:17:56] [INF] Refresh ended in 45.25 ms
[2026-08-20 14:17:56] [INF] HTTP POST /api/auth/refresh responded 200 in 47.0320 ms
[2026-08-20 14:17:56] [INF] UpdateEmployee started
[2026-08-20 14:17:56] [INF] Query executed :
    UPDATE Employees
    SET
        EmployeeCode = @EmployeeCode,
        Name = @Name,
        DepartmentId = @DepartmentId,
        EmploymentTypeId = @EmploymentTypeId,
        LocationId = @LocationId,
        Attendance = @Attendance,
        Performance = @Performance,
        ActiveProjects = @ActiveProjects,
        ExperienceYears = @ExperienceYears,
        Salary = @Salary,
        JoiningYear = @JoiningYear,
        IsActive = @IsActive
    WHERE Id = @Id
[2026-08-20 14:17:56] [INF] Employee 7 updated
[2026-08-20 14:17:56] [INF] UpdateEmployee ended in 37.07 ms
[2026-08-20 14:17:56] [INF] HTTP PUT /api/employees/7 responded 200 in 56.2379 ms
[2026-08-20 14:17:56] [INF] HTTP OPTIONS /api/employees responded 204 in 0.0983 ms
[2026-08-20 14:17:56] [INF] GetEmployees started
[2026-08-20 14:17:56] [INF] Query executed :
    SELECT
        e.Id,
        e.EmployeeCode,
        e.Name,
        d.Name AS Department,
        et.Name AS EmploymentType,
        l.Name AS Location,
        e.Attendance,
        e.Performance,
        e.ActiveProjects,
        e.ExperienceYears,
        e.Salary,
        e.JoiningYear,
        e.IsActive,
        e.DepartmentId,
        e.EmploymentTypeId,
        e.LocationId
    FROM Employees e
    INNER JOIN Departments d
        ON e.DepartmentId = d.Id
    INNER JOIN Locations l
        ON e.LocationId = l.Id
    INNER JOIN EmploymentTypes et
        ON e.EmploymentTypeId = et.Id
[2026-08-20 14:17:56] [INF] Fetched 49 employees
[2026-08-20 14:17:56] [INF] GetEmployees ended in 25.29 ms
[2026-08-20 14:17:56] [INF] HTTP GET /api/employees responded 200 in 26.9929 ms
[2026-08-20 14:43:05] [INF] HTTP OPTIONS /api/employees responded 204 in 0.1292 ms
[2026-08-20 14:43:05] [INF] HTTP OPTIONS /api/employees responded 204 in 0.0915 ms
[2026-08-20 14:43:05] [INF] HTTP GET /api/employees responded 401 in 1.0608 ms
[2026-08-20 14:43:05] [INF] HTTP GET /api/employees responded 401 in 1.3174 ms
[2026-08-20 14:43:05] [INF] HTTP OPTIONS /api/auth/refresh responded 204 in 0.0970 ms
[2026-08-20 14:43:05] [INF] Refresh started
[2026-08-20 14:43:05] [INF] Access token refreshed successfully for user 5
[2026-08-20 14:43:05] [INF] Refresh ended in 181.15 ms
[2026-08-20 14:43:05] [INF] HTTP POST /api/auth/refresh responded 200 in 189.5089 ms
[2026-08-20 14:43:05] [INF] GetEmployees started
[2026-08-20 14:43:05] [INF] Query executed :
    SELECT
        e.Id,
        e.EmployeeCode,
        e.Name,
        d.Name AS Department,
        et.Name AS EmploymentType,
        l.Name AS Location,
        e.Attendance,
        e.Performance,
        e.ActiveProjects,
        e.ExperienceYears,
        e.Salary,
        e.JoiningYear,
        e.IsActive,
        e.DepartmentId,
        e.EmploymentTypeId,
        e.LocationId
    FROM Employees e
    INNER JOIN Departments d
        ON e.DepartmentId = d.Id
    INNER JOIN Locations l
        ON e.LocationId = l.Id
    INNER JOIN EmploymentTypes et
        ON e.EmploymentTypeId = et.Id
[2026-08-20 14:43:05] [INF] Fetched 49 employees
[2026-08-20 14:43:05] [INF] GetEmployees ended in 38.3 ms
[2026-08-20 14:43:05] [INF] HTTP GET /api/employees responded 200 in 45.3848 ms
[2026-08-20 14:43:05] [INF] GetEmployees started
[2026-08-20 14:43:05] [INF] Query executed :
    SELECT
        e.Id,
        e.EmployeeCode,
        e.Name,
        d.Name AS Department,
        et.Name AS EmploymentType,
        l.Name AS Location,
        e.Attendance,
        e.Performance,
        e.ActiveProjects,
        e.ExperienceYears,
        e.Salary,
        e.JoiningYear,
        e.IsActive,
        e.DepartmentId,
        e.EmploymentTypeId,
        e.LocationId
    FROM Employees e
    INNER JOIN Departments d
        ON e.DepartmentId = d.Id
    INNER JOIN Locations l
        ON e.LocationId = l.Id
    INNER JOIN EmploymentTypes et
        ON e.EmploymentTypeId = et.Id
[2026-08-20 14:43:05] [INF] Fetched 49 employees
[2026-08-20 14:43:05] [INF] GetEmployees ended in 2.36 ms
[2026-08-20 14:43:05] [INF] HTTP GET /api/employees responded 200 in 3.3754 ms
[2026-08-20 14:45:47] [INF] HTTP OPTIONS /api/employees responded 204 in 0.1007 ms
[2026-08-20 14:45:47] [INF] HTTP OPTIONS /api/employees responded 204 in 0.0986 ms
[2026-08-20 14:45:47] [INF] HTTP GET /api/employees responded 401 in 3.5945 ms
[2026-08-20 14:45:47] [INF] HTTP GET /api/employees responded 401 in 1.7750 ms
[2026-08-20 14:45:47] [INF] HTTP OPTIONS /api/auth/refresh responded 204 in 0.1415 ms
[2026-08-20 14:45:47] [INF] Refresh started
[2026-08-20 14:45:47] [INF] Access token refreshed successfully for user 5
[2026-08-20 14:45:47] [INF] Refresh ended in 39.85 ms
[2026-08-20 14:45:47] [INF] HTTP POST /api/auth/refresh responded 200 in 41.5114 ms
[2026-08-20 14:45:47] [INF] GetEmployees started
[2026-08-20 14:45:47] [INF] Query executed :
    SELECT
        e.Id,
        e.EmployeeCode,
        e.Name,
        d.Name AS Department,
        et.Name AS EmploymentType,
        l.Name AS Location,
        e.Attendance,
        e.Performance,
        e.ActiveProjects,
        e.ExperienceYears,
        e.Salary,
        e.JoiningYear,
        e.IsActive,
        e.DepartmentId,
        e.EmploymentTypeId,
        e.LocationId
    FROM Employees e
    INNER JOIN Departments d
        ON e.DepartmentId = d.Id
    INNER JOIN Locations l
        ON e.LocationId = l.Id
    INNER JOIN EmploymentTypes et
        ON e.EmploymentTypeId = et.Id
[2026-08-20 14:45:47] [INF] Fetched 49 employees
[2026-08-20 14:45:47] [INF] GetEmployees ended in 37.18 ms
[2026-08-20 14:45:47] [INF] HTTP GET /api/employees responded 200 in 38.9792 ms
[2026-08-20 14:45:47] [INF] GetEmployees started
[2026-08-20 14:45:47] [INF] Query executed :
    SELECT
        e.Id,
        e.EmployeeCode,
        e.Name,
        d.Name AS Department,
        et.Name AS EmploymentType,
        l.Name AS Location,
        e.Attendance,
        e.Performance,
        e.ActiveProjects,
        e.ExperienceYears,
        e.Salary,
        e.JoiningYear,
        e.IsActive,
        e.DepartmentId,
        e.EmploymentTypeId,
        e.LocationId
    FROM Employees e
    INNER JOIN Departments d
        ON e.DepartmentId = d.Id
    INNER JOIN Locations l
        ON e.LocationId = l.Id
    INNER JOIN EmploymentTypes et
        ON e.EmploymentTypeId = et.Id
[2026-08-20 14:45:47] [INF] Fetched 49 employees
[2026-08-20 14:45:47] [INF] GetEmployees ended in 31.06 ms
[2026-08-20 14:45:47] [INF] HTTP GET /api/employees responded 200 in 32.2388 ms
[2026-08-20 14:45:48] [INF] GetEmployees started
[2026-08-20 14:45:48] [INF] Query executed :
    SELECT
        e.Id,
        e.EmployeeCode,
        e.Name,
        d.Name AS Department,
        et.Name AS EmploymentType,
        l.Name AS Location,
        e.Attendance,
        e.Performance,
        e.ActiveProjects,
        e.ExperienceYears,
        e.Salary,
        e.JoiningYear,
        e.IsActive,
        e.DepartmentId,
        e.EmploymentTypeId,
        e.LocationId
    FROM Employees e
    INNER JOIN Departments d
        ON e.DepartmentId = d.Id
    INNER JOIN Locations l
        ON e.LocationId = l.Id
    INNER JOIN EmploymentTypes et
        ON e.EmploymentTypeId = et.Id
[2026-08-20 14:45:48] [INF] Fetched 49 employees
[2026-08-20 14:45:48] [INF] GetEmployees ended in 42.89 ms
[2026-08-20 14:45:48] [INF] HTTP GET /api/employees responded 200 in 44.2925 ms
[2026-08-20 14:45:48] [INF] GetEmployees started
[2026-08-20 14:45:48] [INF] Query executed :
    SELECT
        e.Id,
        e.EmployeeCode,
        e.Name,
        d.Name AS Department,
        et.Name AS EmploymentType,
        l.Name AS Location,
        e.Attendance,
        e.Performance,
        e.ActiveProjects,
        e.ExperienceYears,
        e.Salary,
        e.JoiningYear,
        e.IsActive,
        e.DepartmentId,
        e.EmploymentTypeId,
        e.LocationId
    FROM Employees e
    INNER JOIN Departments d
        ON e.DepartmentId = d.Id
    INNER JOIN Locations l
        ON e.LocationId = l.Id
    INNER JOIN EmploymentTypes et
        ON e.EmploymentTypeId = et.Id
[2026-08-20 14:45:48] [INF] Fetched 49 employees
[2026-08-20 14:45:48] [INF] GetEmployees ended in 28.55 ms
[2026-08-20 14:45:48] [INF] HTTP GET /api/employees responded 200 in 29.5374 ms
[2026-08-20 14:45:48] [INF] HTTP OPTIONS /api/filters responded 204 in 0.0634 ms
[2026-08-20 14:45:48] [INF] GetFilters started
[2026-08-20 14:45:48] [INF] Loaded 5 departments, 4 locations, 4 employment types, 11 skills
[2026-08-20 14:45:48] [INF] GetFilters ended in 31.53 ms
[2026-08-20 14:45:48] [INF] HTTP GET /api/filters responded 200 in 38.3691 ms
[2026-08-20 14:45:52] [INF] HTTP OPTIONS /api/auth/logout responded 204 in 0.0685 ms
[2026-08-20 14:45:52] [INF] Logout started
[2026-08-20 14:45:52] [INF] User logout completed successfully
[2026-08-20 14:45:52] [INF] Logout ended in 20.67 ms
[2026-08-20 14:45:52] [INF] HTTP POST /api/auth/logout responded 200 in 24.1039 ms
[2026-08-20 14:45:54] [INF] HTTP OPTIONS /api/auth/login responded 204 in 0.0670 ms
[2026-08-20 14:45:54] [INF] Login started
[2026-08-20 14:45:54] [INF] User string12345@gmail.com logged in successfully. JWT token generated
[2026-08-20 14:45:54] [INF] Login ended in 153.43 ms
[2026-08-20 14:45:54] [INF] HTTP POST /api/auth/login responded 200 in 159.4654 ms
[2026-08-20 14:45:54] [INF] HTTP OPTIONS /api/employees responded 204 in 0.1978 ms
[2026-08-20 14:45:54] [INF] HTTP OPTIONS /api/employees responded 204 in 0.1427 ms
[2026-08-20 14:45:54] [INF] GetEmployees started
[2026-08-20 14:45:54] [INF] Query executed :
    SELECT
        e.Id,
        e.EmployeeCode,
        e.Name,
        d.Name AS Department,
        et.Name AS EmploymentType,
        l.Name AS Location,
        e.Attendance,
        e.Performance,
        e.ActiveProjects,
        e.ExperienceYears,
        e.Salary,
        e.JoiningYear,
        e.IsActive,
        e.DepartmentId,
        e.EmploymentTypeId,
        e.LocationId
    FROM Employees e
    INNER JOIN Departments d
        ON e.DepartmentId = d.Id
    INNER JOIN Locations l
        ON e.LocationId = l.Id
    INNER JOIN EmploymentTypes et
        ON e.EmploymentTypeId = et.Id
[2026-08-20 14:45:55] [INF] Fetched 49 employees
[2026-08-20 14:45:55] [INF] GetEmployees ended in 31.7 ms
[2026-08-20 14:45:55] [INF] HTTP GET /api/employees responded 200 in 33.6734 ms
[2026-08-20 14:45:55] [INF] GetEmployees started
[2026-08-20 14:45:55] [INF] Query executed :
    SELECT
        e.Id,
        e.EmployeeCode,
        e.Name,
        d.Name AS Department,
        et.Name AS EmploymentType,
        l.Name AS Location,
        e.Attendance,
        e.Performance,
        e.ActiveProjects,
        e.ExperienceYears,
        e.Salary,
        e.JoiningYear,
        e.IsActive,
        e.DepartmentId,
        e.EmploymentTypeId,
        e.LocationId
    FROM Employees e
    INNER JOIN Departments d
        ON e.DepartmentId = d.Id
    INNER JOIN Locations l
        ON e.LocationId = l.Id
    INNER JOIN EmploymentTypes et
        ON e.EmploymentTypeId = et.Id
[2026-08-20 14:45:55] [INF] Fetched 49 employees
[2026-08-20 14:45:55] [INF] GetEmployees ended in 2.7 ms
[2026-08-20 14:45:55] [INF] HTTP GET /api/employees responded 200 in 3.7249 ms
[2026-08-20 14:46:33] [INF] HTTP OPTIONS /api/employees responded 204 in 0.0605 ms
[2026-08-20 14:46:33] [INF] HTTP OPTIONS /api/employees responded 204 in 0.0308 ms
[2026-08-20 14:46:33] [INF] GetEmployees started
[2026-08-20 14:46:33] [INF] Query executed :
    SELECT
        e.Id,
        e.EmployeeCode,
        e.Name,
        d.Name AS Department,
        et.Name AS EmploymentType,
        l.Name AS Location,
        e.Attendance,
        e.Performance,
        e.ActiveProjects,
        e.ExperienceYears,
        e.Salary,
        e.JoiningYear,
        e.IsActive,
        e.DepartmentId,
        e.EmploymentTypeId,
        e.LocationId
    FROM Employees e
    INNER JOIN Departments d
        ON e.DepartmentId = d.Id
    INNER JOIN Locations l
        ON e.LocationId = l.Id
    INNER JOIN EmploymentTypes et
        ON e.EmploymentTypeId = et.Id
[2026-08-20 14:46:33] [INF] Fetched 49 employees
[2026-08-20 14:46:33] [INF] GetEmployees ended in 9.6 ms
[2026-08-20 14:46:33] [INF] HTTP GET /api/employees responded 200 in 11.1449 ms
[2026-08-20 14:46:33] [INF] GetEmployees started
[2026-08-20 14:46:33] [INF] Query executed :
    SELECT
        e.Id,
        e.EmployeeCode,
        e.Name,
        d.Name AS Department,
        et.Name AS EmploymentType,
        l.Name AS Location,
        e.Attendance,
        e.Performance,
        e.ActiveProjects,
        e.ExperienceYears,
        e.Salary,
        e.JoiningYear,
        e.IsActive,
        e.DepartmentId,
        e.EmploymentTypeId,
        e.LocationId
    FROM Employees e
    INNER JOIN Departments d
        ON e.DepartmentId = d.Id
    INNER JOIN Locations l
        ON e.LocationId = l.Id
    INNER JOIN EmploymentTypes et
        ON e.EmploymentTypeId = et.Id
[2026-08-20 14:46:33] [INF] Fetched 49 employees
[2026-08-20 14:46:33] [INF] GetEmployees ended in 7.8 ms
[2026-08-20 14:46:33] [INF] HTTP GET /api/employees responded 200 in 9.5938 ms
[2026-08-20 14:46:55] [INF] HTTP OPTIONS /api/employees/10 responded 204 in 0.0746 ms
[2026-08-20 14:46:55] [INF] HTTP PUT /api/employees/10 responded 401 in 1.1860 ms
[2026-08-20 14:46:55] [INF] HTTP OPTIONS /api/auth/refresh responded 204 in 0.0777 ms
[2026-08-20 14:46:55] [INF] Refresh started
[2026-08-20 14:46:55] [INF] Access token refreshed successfully for user 5
[2026-08-20 14:46:55] [INF] Refresh ended in 20.71 ms
[2026-08-20 14:46:55] [INF] HTTP POST /api/auth/refresh responded 200 in 21.7944 ms
[2026-08-20 14:46:55] [INF] UpdateEmployee started
[2026-08-20 14:46:55] [INF] Query executed :
    UPDATE Employees
    SET
        EmployeeCode = @EmployeeCode,
        Name = @Name,
        DepartmentId = @DepartmentId,
        EmploymentTypeId = @EmploymentTypeId,
        LocationId = @LocationId,
        Attendance = @Attendance,
        Performance = @Performance,
        ActiveProjects = @ActiveProjects,
        ExperienceYears = @ExperienceYears,
        Salary = @Salary,
        JoiningYear = @JoiningYear,
        IsActive = @IsActive
    WHERE Id = @Id
[2026-08-20 14:46:55] [INF] Employee 10 updated
[2026-08-20 14:46:55] [INF] UpdateEmployee ended in 21.32 ms
[2026-08-20 14:46:55] [INF] HTTP PUT /api/employees/10 responded 200 in 34.2246 ms
[2026-08-20 14:46:55] [INF] HTTP OPTIONS /api/employees responded 204 in 0.0692 ms
[2026-08-20 14:46:55] [INF] GetEmployees started
[2026-08-20 14:46:55] [INF] Query executed :
    SELECT
        e.Id,
        e.EmployeeCode,
        e.Name,
        d.Name AS Department,
        et.Name AS EmploymentType,
        l.Name AS Location,
        e.Attendance,
        e.Performance,
        e.ActiveProjects,
        e.ExperienceYears,
        e.Salary,
        e.JoiningYear,
        e.IsActive,
        e.DepartmentId,
        e.EmploymentTypeId,
        e.LocationId
    FROM Employees e
    INNER JOIN Departments d
        ON e.DepartmentId = d.Id
    INNER JOIN Locations l
        ON e.LocationId = l.Id
    INNER JOIN EmploymentTypes et
        ON e.EmploymentTypeId = et.Id
[2026-08-20 14:46:55] [INF] Fetched 49 employees
[2026-08-20 14:46:55] [INF] GetEmployees ended in 19.28 ms
[2026-08-20 14:46:55] [INF] HTTP GET /api/employees responded 200 in 20.4674 ms
[2026-08-20 14:47:43] [INF] HTTP OPTIONS /api/employees responded 204 in 0.0500 ms
[2026-08-20 14:47:43] [INF] HTTP OPTIONS /api/employees responded 204 in 0.0432 ms
[2026-08-20 14:47:43] [INF] GetEmployees started
[2026-08-20 14:47:43] [INF] Query executed :
    SELECT
        e.Id,
        e.EmployeeCode,
        e.Name,
        d.Name AS Department,
        et.Name AS EmploymentType,
        l.Name AS Location,
        e.Attendance,
        e.Performance,
        e.ActiveProjects,
        e.ExperienceYears,
        e.Salary,
        e.JoiningYear,
        e.IsActive,
        e.DepartmentId,
        e.EmploymentTypeId,
        e.LocationId
    FROM Employees e
    INNER JOIN Departments d
        ON e.DepartmentId = d.Id
    INNER JOIN Locations l
        ON e.LocationId = l.Id
    INNER JOIN EmploymentTypes et
        ON e.EmploymentTypeId = et.Id
[2026-08-20 14:47:43] [INF] Fetched 49 employees
[2026-08-20 14:47:43] [INF] GetEmployees ended in 29.05 ms
[2026-08-20 14:47:43] [INF] HTTP GET /api/employees responded 200 in 29.7935 ms
[2026-08-20 14:47:43] [INF] GetEmployees started
[2026-08-20 14:47:43] [INF] Query executed :
    SELECT
        e.Id,
        e.EmployeeCode,
        e.Name,
        d.Name AS Department,
        et.Name AS EmploymentType,
        l.Name AS Location,
        e.Attendance,
        e.Performance,
        e.ActiveProjects,
        e.ExperienceYears,
        e.Salary,
        e.JoiningYear,
        e.IsActive,
        e.DepartmentId,
        e.EmploymentTypeId,
        e.LocationId
    FROM Employees e
    INNER JOIN Departments d
        ON e.DepartmentId = d.Id
    INNER JOIN Locations l
        ON e.LocationId = l.Id
    INNER JOIN EmploymentTypes et
        ON e.EmploymentTypeId = et.Id
[2026-08-20 14:47:43] [INF] Fetched 49 employees
[2026-08-20 14:47:43] [INF] GetEmployees ended in 5.71 ms
[2026-08-20 14:47:43] [INF] HTTP GET /api/employees responded 200 in 6.6167 ms
