[2026-08-25 10:30:39] [INF] Now listening on: http://localhost:5054
[2026-08-25 10:30:39] [INF] Application started. Press Ctrl+C to shut down.
[2026-08-25 10:30:39] [INF] Hosting environment: Development
[2026-08-25 10:30:39] [INF] Content root path: C:\Users\Z100179\Desktop\MainFolder\Backend
[2026-08-25 10:30:40] [WRN] Failed to determine the https port for redirect.
[2026-08-25 10:30:40] [INF] HTTP GET /swagger responded 301 in 90.5300 ms
[2026-08-25 10:30:41] [INF] HTTP GET /swagger/index.html responded 200 in 387.0872 ms
[2026-08-25 10:30:41] [INF] HTTP GET /swagger/swagger-ui-standalone-preset.js responded 200 in 55.0184 ms
[2026-08-25 10:30:41] [INF] HTTP GET /swagger/swagger-ui.css responded 200 in 88.0578 ms
[2026-08-25 10:30:41] [INF] HTTP GET /swagger/swagger-ui-bundle.js responded 200 in 99.7026 ms
[2026-08-25 10:30:42] [INF] HTTP GET /swagger/favicon-32x32.png responded 200 in 0.7846 ms
[2026-08-25 10:30:42] [INF] HTTP GET /swagger/v1/swagger.json responded 200 in 360.5983 ms
[2026-08-25 10:32:20] [INF] Application is shutting down...
[2026-08-25 10:32:28] [INF] Now listening on: http://localhost:5054
[2026-08-25 10:32:28] [INF] Application started. Press Ctrl+C to shut down.
[2026-08-25 10:32:28] [INF] Hosting environment: Development
[2026-08-25 10:32:28] [INF] Content root path: C:\Users\Z100179\Desktop\MainFolder\Backend
[2026-08-25 10:34:03] [WRN] Failed to determine the https port for redirect.
[2026-08-25 10:34:04] [INF] SignUp started
[2026-08-25 10:34:05] [WRN] Signup failed because email string already registered
[2026-08-25 10:34:05] [INF] SignUp ended in 1487.94 ms
[2026-08-25 10:34:05] [INF] HTTP POST /api/auth/signup responded 409 in 2524.4299 ms
[2026-08-25 10:34:21] [INF] SignUp started
[2026-08-25 10:34:21] [INF] Account created successfully for email shivakoushik7890@gmail.com
[2026-08-25 10:34:21] [INF] SignUp ended in 354.81 ms
[2026-08-25 10:34:21] [INF] HTTP POST /api/auth/signup responded 200 in 393.3719 ms
[2026-08-25 10:36:23] [INF] Login started
[2026-08-25 10:36:24] [INF] User string12345@gmail.com logged in successfully. JWT token generated
[2026-08-25 10:36:24] [INF] Login ended in 463.8 ms
[2026-08-25 10:36:24] [INF] HTTP POST /api/auth/login responded 200 in 599.4677 ms
[2026-08-25 10:36:24] [INF] GetEmployees started
[2026-08-25 10:36:24] [INF] Query executed :
    SELECT
        e.Id,
        e.EmployeeCode,
        e.Name,
        d.Name AS Department,
        et.Name AS EmploymentType,
        l.Name AS Location,
        e.Attendance,
        e.Performance,
        e.ActiveProjects,
        e.ExperienceYears,
        e.Salary,
        e.JoiningYear,
        e.IsActive,
        e.DepartmentId,
        e.EmploymentTypeId,
        e.LocationId
    FROM Employees e
    INNER JOIN Departments d
        ON e.DepartmentId = d.Id
    INNER JOIN Locations l
        ON e.LocationId = l.Id
    INNER JOIN EmploymentTypes et
        ON e.EmploymentTypeId = et.Id
[2026-08-25 10:36:24] [INF] Fetched 49 employees
[2026-08-25 10:36:24] [INF] GetEmployees ended in 93.28 ms
[2026-08-25 10:36:24] [INF] HTTP GET /api/employees responded 200 in 354.0474 ms
[2026-08-25 10:36:24] [INF] GetEmployees started
[2026-08-25 10:36:24] [INF] Query executed :
    SELECT
        e.Id,
        e.EmployeeCode,
        e.Name,
        d.Name AS Department,
        et.Name AS EmploymentType,
        l.Name AS Location,
        e.Attendance,
        e.Performance,
        e.ActiveProjects,
        e.ExperienceYears,
        e.Salary,
        e.JoiningYear,
        e.IsActive,
        e.DepartmentId,
        e.EmploymentTypeId,
        e.LocationId
    FROM Employees e
    INNER JOIN Departments d
        ON e.DepartmentId = d.Id
    INNER JOIN Locations l
        ON e.LocationId = l.Id
    INNER JOIN EmploymentTypes et
        ON e.EmploymentTypeId = et.Id
[2026-08-25 10:36:24] [INF] Fetched 49 employees
[2026-08-25 10:36:24] [INF] GetEmployees ended in 29.59 ms
[2026-08-25 10:36:24] [INF] HTTP GET /api/employees responded 200 in 48.4925 ms
[2026-08-25 10:36:24] [INF] GetFilters started
[2026-08-25 10:36:25] [INF] Loaded 5 departments, 4 locations, 4 employment types, 11 skills
[2026-08-25 10:36:25] [INF] GetFilters ended in 52.21 ms
[2026-08-25 10:36:25] [INF] HTTP GET /api/filters responded 200 in 74.8415 ms
[2026-08-25 15:34:27] [INF] HTTP GET /api/employees responded 401 in 44.3208 ms
[2026-08-25 15:34:27] [INF] HTTP GET /api/employees responded 401 in 3.5040 ms
[2026-08-25 15:34:27] [INF] Refresh started
[2026-08-25 15:34:27] [INF] Access token refreshed successfully for user 5
[2026-08-25 15:34:27] [INF] Refresh ended in 334.78 ms
[2026-08-25 15:34:27] [INF] HTTP POST /api/auth/refresh responded 200 in 362.4076 ms
[2026-08-25 15:34:27] [INF] GetEmployees started
[2026-08-25 15:34:27] [INF] Query executed :
    SELECT
        e.Id,
        e.EmployeeCode,
        e.Name,
        d.Name AS Department,
        et.Name AS EmploymentType,
        l.Name AS Location,
        e.Attendance,
        e.Performance,
        e.ActiveProjects,
        e.ExperienceYears,
        e.Salary,
        e.JoiningYear,
        e.IsActive,
        e.DepartmentId,
        e.EmploymentTypeId,
        e.LocationId
    FROM Employees e
    INNER JOIN Departments d
        ON e.DepartmentId = d.Id
    INNER JOIN Locations l
        ON e.LocationId = l.Id
    INNER JOIN EmploymentTypes et
        ON e.EmploymentTypeId = et.Id
[2026-08-25 15:34:27] [INF] Fetched 49 employees
[2026-08-25 15:34:27] [INF] GetEmployees ended in 61.06 ms
[2026-08-25 15:34:27] [INF] HTTP GET /api/employees responded 200 in 73.9936 ms
[2026-08-25 15:34:27] [INF] GetEmployees started
[2026-08-25 15:34:27] [INF] Query executed :
    SELECT
        e.Id,
        e.EmployeeCode,
        e.Name,
        d.Name AS Department,
        et.Name AS EmploymentType,
        l.Name AS Location,
        e.Attendance,
        e.Performance,
        e.ActiveProjects,
        e.ExperienceYears,
        e.Salary,
        e.JoiningYear,
        e.IsActive,
        e.DepartmentId,
        e.EmploymentTypeId,
        e.LocationId
    FROM Employees e
    INNER JOIN Departments d
        ON e.DepartmentId = d.Id
    INNER JOIN Locations l
        ON e.LocationId = l.Id
    INNER JOIN EmploymentTypes et
        ON e.EmploymentTypeId = et.Id
[2026-08-25 15:34:27] [INF] Fetched 49 employees
[2026-08-25 15:34:27] [INF] GetEmployees ended in 23.87 ms
[2026-08-25 15:34:27] [INF] HTTP GET /api/employees responded 200 in 33.2177 ms
[2026-08-25 15:34:28] [INF] GetFilters started
[2026-08-25 15:34:28] [INF] Loaded 5 departments, 4 locations, 4 employment types, 11 skills
[2026-08-25 15:34:28] [INF] GetFilters ended in 49.3 ms
[2026-08-25 15:34:28] [INF] HTTP GET /api/filters responded 200 in 56.7326 ms
[2026-08-25 16:44:31] [INF] HTTP GET /api/employees responded 401 in 10.0429 ms
[2026-08-25 16:44:31] [INF] HTTP GET /api/employees responded 401 in 2.8689 ms
[2026-08-25 16:44:31] [INF] Refresh started
[2026-08-25 16:44:31] [INF] Access token refreshed successfully for user 5
[2026-08-25 16:44:31] [INF] Refresh ended in 228.98 ms
[2026-08-25 16:44:31] [INF] HTTP POST /api/auth/refresh responded 200 in 238.2633 ms
[2026-08-25 16:44:31] [INF] GetEmployees started
[2026-08-25 16:44:31] [INF] Query executed :
    SELECT
        e.Id,
        e.EmployeeCode,
        e.Name,
        d.Name AS Department,
        et.Name AS EmploymentType,
        l.Name AS Location,
        e.Attendance,
        e.Performance,
        e.ActiveProjects,
        e.ExperienceYears,
        e.Salary,
        e.JoiningYear,
        e.IsActive,
        e.DepartmentId,
        e.EmploymentTypeId,
        e.LocationId
    FROM Employees e
    INNER JOIN Departments d
        ON e.DepartmentId = d.Id
    INNER JOIN Locations l
        ON e.LocationId = l.Id
    INNER JOIN EmploymentTypes et
        ON e.EmploymentTypeId = et.Id
[2026-08-25 16:44:31] [INF] Fetched 49 employees
[2026-08-25 16:44:31] [INF] GetEmployees ended in 37.13 ms
[2026-08-25 16:44:31] [INF] HTTP GET /api/employees responded 200 in 43.4807 ms
[2026-08-25 16:44:31] [INF] GetEmployees started
[2026-08-25 16:44:31] [INF] Query executed :
    SELECT
        e.Id,
        e.EmployeeCode,
        e.Name,
        d.Name AS Department,
        et.Name AS EmploymentType,
        l.Name AS Location,
        e.Attendance,
        e.Performance,
        e.ActiveProjects,
        e.ExperienceYears,
        e.Salary,
        e.JoiningYear,
        e.IsActive,
        e.DepartmentId,
        e.EmploymentTypeId,
        e.LocationId
    FROM Employees e
    INNER JOIN Departments d
        ON e.DepartmentId = d.Id
    INNER JOIN Locations l
        ON e.LocationId = l.Id
    INNER JOIN EmploymentTypes et
        ON e.EmploymentTypeId = et.Id
[2026-08-25 16:44:31] [INF] Fetched 49 employees
[2026-08-25 16:44:31] [INF] GetEmployees ended in 11.54 ms
[2026-08-25 16:44:31] [INF] HTTP GET /api/employees responded 200 in 17.6919 ms
[2026-08-25 16:44:31] [INF] GetFilters started
[2026-08-25 16:44:31] [INF] Loaded 5 departments, 4 locations, 4 employment types, 11 skills
[2026-08-25 16:44:31] [INF] GetFilters ended in 27.93 ms
[2026-08-25 16:44:31] [INF] HTTP GET /api/filters responded 200 in 35.1469 ms
