[2026-09-01 09:48:55] [INF] Now listening on: http://localhost:5054
[2026-09-01 09:48:55] [INF] Application started. Press Ctrl+C to shut down.
[2026-09-01 09:48:55] [INF] Hosting environment: Development
[2026-09-01 09:48:55] [INF] Content root path: C:\Users\Z100179\Desktop\MainFolder\Backend
[2026-09-01 09:48:56] [WRN] Failed to determine the https port for redirect.
[2026-09-01 09:48:56] [INF] HTTP GET /swagger/index.html responded 200 in 281.8156 ms
[2026-09-01 09:48:56] [WRN] Unable to configure browser refresh script injection on the response. This may have been caused by the response's Content-Encoding: '["br"]'. Consider disabling response compression.
[2026-09-01 09:48:57] [INF] HTTP GET /swagger/v1/swagger.json responded 200 in 261.2231 ms
[2026-09-01 09:49:00] [INF] HTTP GET /api/dashboard/summary responded 401 in 195.2335 ms
[2026-09-01 09:49:00] [INF] HTTP GET /api/dashboard/summary responded 401 in 9.6628 ms
[2026-09-01 09:49:00] [INF] Refresh started
[2026-09-01 09:49:01] [INF] HTTP GET /api/employees/paginated responded 401 in 3.6604 ms
[2026-09-01 09:49:01] [INF] HTTP GET /api/employees/paginated responded 401 in 1.0965 ms
[2026-09-01 09:49:02] [INF] Access token refreshed successfully for user 3
[2026-09-01 09:49:02] [INF] Refresh ended in 1919.44 ms
[2026-09-01 09:49:02] [INF] HTTP POST /api/auth/refresh responded 200 in 2067.9372 ms
[2026-09-01 09:49:02] [INF] Executing dashboard summary query. Filters: DepartmentId=ALL, EmploymentTypeId=ALL, LocationId=ALL. Query: 
        SELECT
            COUNT(*) AS TotalEmployees,
            COALESCE(SUM(CASE WHEN IsActive = 1 THEN 1 ELSE 0 END), 0) AS ActiveEmployees,
            COALESCE(AVG(CAST(Attendance AS DECIMAL(10, 2))), 0) AS AverageAttendance,
            COALESCE(AVG(CAST(Performance AS DECIMAL(10, 2))), 0) AS AveragePerformance
        FROM Employees
        WHERE (@DepartmentId IS NULL OR DepartmentId = @DepartmentId)
          AND (@EmploymentTypeId IS NULL OR EmploymentTypeId = @EmploymentTypeId)
          AND (@LocationId IS NULL OR LocationId = @LocationId)
[2026-09-01 09:49:02] [INF] Query Executed 
    SELECT
        e.Id,
        e.EmployeeCode,
        e.Name,
        d.Name AS Department,
        et.Name AS EmploymentType,
        l.Name AS Location,
        e.Attendance,
        e.Performance,
        e.ActiveProjects,
        e.ExperienceYears,
        e.Salary,
        e.JoiningYear,
        e.IsActive,
        e.DepartmentId,
        e.EmploymentTypeId,
        e.LocationId
    FROM Employees e
    INNER JOIN Departments d
        ON e.DepartmentId = d.Id
    INNER JOIN Locations l
        ON e.LocationId = l.Id
    INNER JOIN EmploymentTypes et
        ON e.EmploymentTypeId = et.Id
    WHERE (@DepartmentId IS NULL OR e.DepartmentId = @DepartmentId)
      AND (@EmploymentTypeId IS NULL OR e.EmploymentTypeId = @EmploymentTypeId)
      AND (@LocationId IS NULL OR e.LocationId = @LocationId)
        order by e.Id
        OFFSET @offset rows
        FETCH NEXT  @size rows only
        
[2026-09-01 09:49:02] [INF] Fetched 10 employees from page 0 with total 100000
[2026-09-01 09:49:02] [INF] HTTP GET /api/employees/paginated responded 200 in 312.3268 ms
[2026-09-01 09:49:02] [INF] Query Executed 
    SELECT
        e.Id,
        e.EmployeeCode,
        e.Name,
        d.Name AS Department,
        et.Name AS EmploymentType,
        l.Name AS Location,
        e.Attendance,
        e.Performance,
        e.ActiveProjects,
        e.ExperienceYears,
        e.Salary,
        e.JoiningYear,
        e.IsActive,
        e.DepartmentId,
        e.EmploymentTypeId,
        e.LocationId
    FROM Employees e
    INNER JOIN Departments d
        ON e.DepartmentId = d.Id
    INNER JOIN Locations l
        ON e.LocationId = l.Id
    INNER JOIN EmploymentTypes et
        ON e.EmploymentTypeId = et.Id
    WHERE (@DepartmentId IS NULL OR e.DepartmentId = @DepartmentId)
      AND (@EmploymentTypeId IS NULL OR e.EmploymentTypeId = @EmploymentTypeId)
      AND (@LocationId IS NULL OR e.LocationId = @LocationId)
        order by e.Id
        OFFSET @offset rows
        FETCH NEXT  @size rows only
        
[2026-09-01 09:49:02] [INF] Fetched 10 employees from page 0 with total 100000
[2026-09-01 09:49:02] [INF] HTTP GET /api/employees/paginated responded 200 in 40.7305 ms
[2026-09-01 09:49:03] [INF] Dashboard summary query executed. Filters: DepartmentId=ALL, EmploymentTypeId=ALL, LocationId=ALL. Result: TotalEmployees=100000, ActiveEmployees=93334
[2026-09-01 09:49:03] [INF] HTTP GET /api/dashboard/summary responded 200 in 1341.7511 ms
[2026-09-01 09:49:03] [INF] Executing dashboard summary query. Filters: DepartmentId=ALL, EmploymentTypeId=ALL, LocationId=ALL. Query: 
        SELECT
            COUNT(*) AS TotalEmployees,
            COALESCE(SUM(CASE WHEN IsActive = 1 THEN 1 ELSE 0 END), 0) AS ActiveEmployees,
            COALESCE(AVG(CAST(Attendance AS DECIMAL(10, 2))), 0) AS AverageAttendance,
            COALESCE(AVG(CAST(Performance AS DECIMAL(10, 2))), 0) AS AveragePerformance
        FROM Employees
        WHERE (@DepartmentId IS NULL OR DepartmentId = @DepartmentId)
          AND (@EmploymentTypeId IS NULL OR EmploymentTypeId = @EmploymentTypeId)
          AND (@LocationId IS NULL OR LocationId = @LocationId)
[2026-09-01 09:49:04] [INF] Dashboard summary query executed. Filters: DepartmentId=ALL, EmploymentTypeId=ALL, LocationId=ALL. Result: TotalEmployees=100000, ActiveEmployees=93334
[2026-09-01 09:49:04] [INF] HTTP GET /api/dashboard/summary responded 200 in 1052.2729 ms
[2026-09-01 09:49:05] [INF] GetEmployees started
[2026-09-01 09:49:05] [INF] Query executed :
    SELECT
        e.Id,
        e.EmployeeCode,
        e.Name,
        d.Name AS Department,
        et.Name AS EmploymentType,
        l.Name AS Location,
        e.Attendance,
        e.Performance,
        e.ActiveProjects,
        e.ExperienceYears,
        e.Salary,
        e.JoiningYear,
        e.IsActive,
        e.DepartmentId,
        e.EmploymentTypeId,
        e.LocationId
    FROM Employees e
    INNER JOIN Departments d
        ON e.DepartmentId = d.Id
    INNER JOIN Locations l
        ON e.LocationId = l.Id
    INNER JOIN EmploymentTypes et
        ON e.EmploymentTypeId = et.Id
[2026-09-01 09:49:09] [INF] Fetched 100000 employees
[2026-09-01 09:49:09] [INF] GetEmployees ended in 3368.89 ms
[2026-09-01 09:49:09] [INF] HTTP GET /api/employees responded 200 in 4115.1328 ms
[2026-09-01 09:49:22] [INF] GetEmployees started
[2026-09-01 09:49:22] [INF] Query executed :
    SELECT
        e.Id,
        e.EmployeeCode,
        e.Name,
        d.Name AS Department,
        et.Name AS EmploymentType,
        l.Name AS Location,
        e.Attendance,
        e.Performance,
        e.ActiveProjects,
        e.ExperienceYears,
        e.Salary,
        e.JoiningYear,
        e.IsActive,
        e.DepartmentId,
        e.EmploymentTypeId,
        e.LocationId
    FROM Employees e
    INNER JOIN Departments d
        ON e.DepartmentId = d.Id
    INNER JOIN Locations l
        ON e.LocationId = l.Id
    INNER JOIN EmploymentTypes et
        ON e.EmploymentTypeId = et.Id
[2026-09-01 09:49:26] [INF] Fetched 100000 employees
[2026-09-01 09:49:26] [INF] GetEmployees ended in 3949.45 ms
[2026-09-01 09:49:27] [INF] HTTP GET /api/employees responded 200 in 4293.4592 ms
[2026-09-01 09:59:29] [INF] Executing dashboard summary query. Filters: DepartmentId=ALL, EmploymentTypeId=ALL, LocationId=ALL. Query: 
        SELECT
            COUNT(*) AS TotalEmployees,
            COALESCE(SUM(CASE WHEN IsActive = 1 THEN 1 ELSE 0 END), 0) AS ActiveEmployees,
            COALESCE(AVG(CAST(Attendance AS DECIMAL(10, 2))), 0) AS AverageAttendance,
            COALESCE(AVG(CAST(Performance AS DECIMAL(10, 2))), 0) AS AveragePerformance
        FROM Employees
        WHERE (@DepartmentId IS NULL OR DepartmentId = @DepartmentId)
          AND (@EmploymentTypeId IS NULL OR EmploymentTypeId = @EmploymentTypeId)
          AND (@LocationId IS NULL OR LocationId = @LocationId)
[2026-09-01 09:59:30] [INF] Dashboard summary query executed. Filters: DepartmentId=ALL, EmploymentTypeId=ALL, LocationId=ALL. Result: TotalEmployees=100000, ActiveEmployees=93334
[2026-09-01 09:59:30] [INF] HTTP GET /api/dashboard/summary responded 200 in 581.9687 ms
[2026-09-01 09:59:30] [INF] Executing dashboard summary query. Filters: DepartmentId=ALL, EmploymentTypeId=ALL, LocationId=ALL. Query: 
        SELECT
            COUNT(*) AS TotalEmployees,
            COALESCE(SUM(CASE WHEN IsActive = 1 THEN 1 ELSE 0 END), 0) AS ActiveEmployees,
            COALESCE(AVG(CAST(Attendance AS DECIMAL(10, 2))), 0) AS AverageAttendance,
            COALESCE(AVG(CAST(Performance AS DECIMAL(10, 2))), 0) AS AveragePerformance
        FROM Employees
        WHERE (@DepartmentId IS NULL OR DepartmentId = @DepartmentId)
          AND (@EmploymentTypeId IS NULL OR EmploymentTypeId = @EmploymentTypeId)
          AND (@LocationId IS NULL OR LocationId = @LocationId)
[2026-09-01 09:59:30] [INF] GetFilters started
[2026-09-01 09:59:30] [INF] Dashboard summary query executed. Filters: DepartmentId=ALL, EmploymentTypeId=ALL, LocationId=ALL. Result: TotalEmployees=100000, ActiveEmployees=93334
[2026-09-01 09:59:30] [INF] HTTP GET /api/dashboard/summary responded 200 in 397.8732 ms
[2026-09-01 09:59:30] [INF] Loaded 5 departments, 4 locations, 4 employment types, 11 skills
[2026-09-01 09:59:30] [INF] GetFilters ended in 461.42 ms
[2026-09-01 09:59:30] [INF] HTTP GET /api/filters responded 200 in 474.2924 ms
[2026-09-01 09:59:45] [INF] Query Executed 
    SELECT
        e.Id,
        e.EmployeeCode,
        e.Name,
        d.Name AS Department,
        et.Name AS EmploymentType,
        l.Name AS Location,
        e.Attendance,
        e.Performance,
        e.ActiveProjects,
        e.ExperienceYears,
        e.Salary,
        e.JoiningYear,
        e.IsActive,
        e.DepartmentId,
        e.EmploymentTypeId,
        e.LocationId
    FROM Employees e
    INNER JOIN Departments d
        ON e.DepartmentId = d.Id
    INNER JOIN Locations l
        ON e.LocationId = l.Id
    INNER JOIN EmploymentTypes et
        ON e.EmploymentTypeId = et.Id
    WHERE (@DepartmentId IS NULL OR e.DepartmentId = @DepartmentId)
      AND (@EmploymentTypeId IS NULL OR e.EmploymentTypeId = @EmploymentTypeId)
      AND (@LocationId IS NULL OR e.LocationId = @LocationId)
        order by e.Id
        OFFSET @offset rows
        FETCH NEXT  @size rows only
        
[2026-09-01 09:59:45] [INF] Fetched 10 employees from page 0 with total 100000
[2026-09-01 09:59:45] [INF] HTTP GET /api/employees/paginated responded 200 in 481.5572 ms
[2026-09-01 09:59:45] [INF] Query Executed 
    SELECT
        e.Id,
        e.EmployeeCode,
        e.Name,
        d.Name AS Department,
        et.Name AS EmploymentType,
        l.Name AS Location,
        e.Attendance,
        e.Performance,
        e.ActiveProjects,
        e.ExperienceYears,
        e.Salary,
        e.JoiningYear,
        e.IsActive,
        e.DepartmentId,
        e.EmploymentTypeId,
        e.LocationId
    FROM Employees e
    INNER JOIN Departments d
        ON e.DepartmentId = d.Id
    INNER JOIN Locations l
        ON e.LocationId = l.Id
    INNER JOIN EmploymentTypes et
        ON e.EmploymentTypeId = et.Id
    WHERE (@DepartmentId IS NULL OR e.DepartmentId = @DepartmentId)
      AND (@EmploymentTypeId IS NULL OR e.EmploymentTypeId = @EmploymentTypeId)
      AND (@LocationId IS NULL OR e.LocationId = @LocationId)
        order by e.Id
        OFFSET @offset rows
        FETCH NEXT  @size rows only
        
[2026-09-01 09:59:45] [INF] Fetched 10 employees from page 0 with total 100000
[2026-09-01 09:59:45] [INF] HTTP GET /api/employees/paginated responded 200 in 127.5601 ms
[2026-09-01 10:00:07] [INF] Query Executed 
    SELECT
        e.Id,
        e.EmployeeCode,
        e.Name,
        d.Name AS Department,
        et.Name AS EmploymentType,
        l.Name AS Location,
        e.Attendance,
        e.Performance,
        e.ActiveProjects,
        e.ExperienceYears,
        e.Salary,
        e.JoiningYear,
        e.IsActive,
        e.DepartmentId,
        e.EmploymentTypeId,
        e.LocationId
    FROM Employees e
    INNER JOIN Departments d
        ON e.DepartmentId = d.Id
    INNER JOIN Locations l
        ON e.LocationId = l.Id
    INNER JOIN EmploymentTypes et
        ON e.EmploymentTypeId = et.Id
    WHERE (@DepartmentId IS NULL OR e.DepartmentId = @DepartmentId)
      AND (@EmploymentTypeId IS NULL OR e.EmploymentTypeId = @EmploymentTypeId)
      AND (@LocationId IS NULL OR e.LocationId = @LocationId)
        order by e.Id
        OFFSET @offset rows
        FETCH NEXT  @size rows only
        
[2026-09-01 10:00:07] [INF] Fetched 100 employees from page 0 with total 100000
[2026-09-01 10:00:07] [INF] HTTP GET /api/employees/paginated responded 200 in 474.8162 ms
[2026-09-01 10:00:07] [INF] Query Executed 
    SELECT
        e.Id,
        e.EmployeeCode,
        e.Name,
        d.Name AS Department,
        et.Name AS EmploymentType,
        l.Name AS Location,
        e.Attendance,
        e.Performance,
        e.ActiveProjects,
        e.ExperienceYears,
        e.Salary,
        e.JoiningYear,
        e.IsActive,
        e.DepartmentId,
        e.EmploymentTypeId,
        e.LocationId
    FROM Employees e
    INNER JOIN Departments d
        ON e.DepartmentId = d.Id
    INNER JOIN Locations l
        ON e.LocationId = l.Id
    INNER JOIN EmploymentTypes et
        ON e.EmploymentTypeId = et.Id
    WHERE (@DepartmentId IS NULL OR e.DepartmentId = @DepartmentId)
      AND (@EmploymentTypeId IS NULL OR e.EmploymentTypeId = @EmploymentTypeId)
      AND (@LocationId IS NULL OR e.LocationId = @LocationId)
        order by e.Id
        OFFSET @offset rows
        FETCH NEXT  @size rows only
        
[2026-09-01 10:00:07] [INF] Fetched 100 employees from page 0 with total 100000
[2026-09-01 10:00:07] [INF] HTTP GET /api/employees/paginated responded 200 in 118.1972 ms
[2026-09-01 10:00:15] [INF] Query Executed 
    SELECT
        e.Id,
        e.EmployeeCode,
        e.Name,
        d.Name AS Department,
        et.Name AS EmploymentType,
        l.Name AS Location,
        e.Attendance,
        e.Performance,
        e.ActiveProjects,
        e.ExperienceYears,
        e.Salary,
        e.JoiningYear,
        e.IsActive,
        e.DepartmentId,
        e.EmploymentTypeId,
        e.LocationId
    FROM Employees e
    INNER JOIN Departments d
        ON e.DepartmentId = d.Id
    INNER JOIN Locations l
        ON e.LocationId = l.Id
    INNER JOIN EmploymentTypes et
        ON e.EmploymentTypeId = et.Id
    WHERE (@DepartmentId IS NULL OR e.DepartmentId = @DepartmentId)
      AND (@EmploymentTypeId IS NULL OR e.EmploymentTypeId = @EmploymentTypeId)
      AND (@LocationId IS NULL OR e.LocationId = @LocationId)
        order by e.Id
        OFFSET @offset rows
        FETCH NEXT  @size rows only
        
[2026-09-01 10:00:15] [INF] Query Executed 
    SELECT
        e.Id,
        e.EmployeeCode,
        e.Name,
        d.Name AS Department,
        et.Name AS EmploymentType,
        l.Name AS Location,
        e.Attendance,
        e.Performance,
        e.ActiveProjects,
        e.ExperienceYears,
        e.Salary,
        e.JoiningYear,
        e.IsActive,
        e.DepartmentId,
        e.EmploymentTypeId,
        e.LocationId
    FROM Employees e
    INNER JOIN Departments d
        ON e.DepartmentId = d.Id
    INNER JOIN Locations l
        ON e.LocationId = l.Id
    INNER JOIN EmploymentTypes et
        ON e.EmploymentTypeId = et.Id
    WHERE (@DepartmentId IS NULL OR e.DepartmentId = @DepartmentId)
      AND (@EmploymentTypeId IS NULL OR e.EmploymentTypeId = @EmploymentTypeId)
      AND (@LocationId IS NULL OR e.LocationId = @LocationId)
        order by e.Id
        OFFSET @offset rows
        FETCH NEXT  @size rows only
        
[2026-09-01 10:00:15] [INF] Fetched 100 employees from page 106 with total 100000
[2026-09-01 10:00:15] [INF] HTTP GET /api/employees/paginated responded 200 in 100.5069 ms
[2026-09-01 10:00:15] [INF] Fetched 100 employees from page 90 with total 100000
[2026-09-01 10:00:15] [INF] HTTP GET /api/employees/paginated responded 200 in 348.7838 ms
[2026-09-01 10:00:24] [INF] Query Executed 
    SELECT
        e.Id,
        e.EmployeeCode,
        e.Name,
        d.Name AS Department,
        et.Name AS EmploymentType,
        l.Name AS Location,
        e.Attendance,
        e.Performance,
        e.ActiveProjects,
        e.ExperienceYears,
        e.Salary,
        e.JoiningYear,
        e.IsActive,
        e.DepartmentId,
        e.EmploymentTypeId,
        e.LocationId
    FROM Employees e
    INNER JOIN Departments d
        ON e.DepartmentId = d.Id
    INNER JOIN Locations l
        ON e.LocationId = l.Id
    INNER JOIN EmploymentTypes et
        ON e.EmploymentTypeId = et.Id
    WHERE (@DepartmentId IS NULL OR e.DepartmentId = @DepartmentId)
      AND (@EmploymentTypeId IS NULL OR e.EmploymentTypeId = @EmploymentTypeId)
      AND (@LocationId IS NULL OR e.LocationId = @LocationId)
        order by e.Id
        OFFSET @offset rows
        FETCH NEXT  @size rows only
        
[2026-09-01 10:00:24] [INF] Query Executed 
    SELECT
        e.Id,
        e.EmployeeCode,
        e.Name,
        d.Name AS Department,
        et.Name AS EmploymentType,
        l.Name AS Location,
        e.Attendance,
        e.Performance,
        e.ActiveProjects,
        e.ExperienceYears,
        e.Salary,
        e.JoiningYear,
        e.IsActive,
        e.DepartmentId,
        e.EmploymentTypeId,
        e.LocationId
    FROM Employees e
    INNER JOIN Departments d
        ON e.DepartmentId = d.Id
    INNER JOIN Locations l
        ON e.LocationId = l.Id
    INNER JOIN EmploymentTypes et
        ON e.EmploymentTypeId = et.Id
    WHERE (@DepartmentId IS NULL OR e.DepartmentId = @DepartmentId)
      AND (@EmploymentTypeId IS NULL OR e.EmploymentTypeId = @EmploymentTypeId)
      AND (@LocationId IS NULL OR e.LocationId = @LocationId)
        order by e.Id
        OFFSET @offset rows
        FETCH NEXT  @size rows only
        
[2026-09-01 10:00:24] [INF] Fetched 100 employees from page 199 with total 100000
[2026-09-01 10:00:24] [INF] HTTP GET /api/employees/paginated responded 200 in 96.1745 ms
[2026-09-01 10:00:24] [INF] Fetched 100 employees from page 196 with total 100000
[2026-09-01 10:00:24] [INF] HTTP GET /api/employees/paginated responded 200 in 390.0039 ms
[2026-09-01 10:00:25] [INF] Query executed :
        SELECT
            COALESCE(SUM(e.ActiveProjects), 0) AS TotalProjects,
            COALESCE(AVG(CAST(e.ActiveProjects AS DECIMAL(10, 2))), 0) AS AverageProjects,
            COALESCE(SUM(CASE WHEN e.IsActive = 1 THEN 1 ELSE 0 END), 0) AS ActiveEmployees,
            COALESCE(MAX(e.ActiveProjects), 0) AS HighestProjects
        FROM Employees e
        WHERE (@DepartmentId IS NULL OR e.DepartmentId = @DepartmentId)
          AND (@EmploymentTypeId IS NULL OR e.EmploymentTypeId = @EmploymentTypeId)
          AND (@LocationId IS NULL OR e.LocationId = @LocationId);

        SELECT
            d.Name AS Department,
            COALESCE(SUM(e.ActiveProjects), 0) AS Projects
        FROM Employees e
        INNER JOIN Departments d ON e.DepartmentId = d.Id
        WHERE (@DepartmentId IS NULL OR e.DepartmentId = @DepartmentId)
          AND (@EmploymentTypeId IS NULL OR e.EmploymentTypeId = @EmploymentTypeId)
          AND (@LocationId IS NULL OR e.LocationId = @LocationId)
        GROUP BY d.Name
[2026-09-01 10:00:25] [INF] Query executed :
    SELECT
        e.Id,
        e.EmployeeCode,
        e.Name,
        d.Name AS Department,
        et.Name AS EmploymentType,
        l.Name AS Location,
        e.Attendance,
        e.Performance,
        e.ActiveProjects,
        e.ExperienceYears,
        e.Salary,
        e.JoiningYear,
        e.IsActive,
        e.DepartmentId,
        e.EmploymentTypeId,
        e.LocationId
    FROM Employees e
    INNER JOIN Departments d ON e.DepartmentId = d.Id
    INNER JOIN Locations l ON e.LocationId = l.Id
    INNER JOIN EmploymentTypes et ON e.EmploymentTypeId = et.Id
    WHERE (@DepartmentId IS NULL OR e.DepartmentId = @DepartmentId)
      AND (@EmploymentTypeId IS NULL OR e.EmploymentTypeId = @EmploymentTypeId)
      AND (@LocationId IS NULL OR e.LocationId = @LocationId)
    ORDER BY e.ActiveProjects DESC, e.Id
    OFFSET @offset ROWS FETCH NEXT @size ROWS ONLY
[2026-09-01 10:00:45] [INF] Query executed :
        SELECT
            COALESCE(SUM(e.ActiveProjects), 0) AS TotalProjects,
            COALESCE(AVG(CAST(e.ActiveProjects AS DECIMAL(10, 2))), 0) AS AverageProjects,
            COALESCE(SUM(CASE WHEN e.IsActive = 1 THEN 1 ELSE 0 END), 0) AS ActiveEmployees,
            COALESCE(MAX(e.ActiveProjects), 0) AS HighestProjects
        FROM Employees e
        WHERE (@DepartmentId IS NULL OR e.DepartmentId = @DepartmentId)
          AND (@EmploymentTypeId IS NULL OR e.EmploymentTypeId = @EmploymentTypeId)
          AND (@LocationId IS NULL OR e.LocationId = @LocationId);

        SELECT
            d.Name AS Department,
            COALESCE(SUM(e.ActiveProjects), 0) AS Projects
        FROM Employees e
        INNER JOIN Departments d ON e.DepartmentId = d.Id
        WHERE (@DepartmentId IS NULL OR e.DepartmentId = @DepartmentId)
          AND (@EmploymentTypeId IS NULL OR e.EmploymentTypeId = @EmploymentTypeId)
          AND (@LocationId IS NULL OR e.LocationId = @LocationId)
        GROUP BY d.Name
[2026-09-01 10:00:45] [INF] Query executed :
    SELECT
        e.Id,
        e.EmployeeCode,
        e.Name,
        d.Name AS Department,
        et.Name AS EmploymentType,
        l.Name AS Location,
        e.Attendance,
        e.Performance,
        e.ActiveProjects,
        e.ExperienceYears,
        e.Salary,
        e.JoiningYear,
        e.IsActive,
        e.DepartmentId,
        e.EmploymentTypeId,
        e.LocationId
    FROM Employees e
    INNER JOIN Departments d ON e.DepartmentId = d.Id
    INNER JOIN Locations l ON e.LocationId = l.Id
    INNER JOIN EmploymentTypes et ON e.EmploymentTypeId = et.Id
    WHERE (@DepartmentId IS NULL OR e.DepartmentId = @DepartmentId)
      AND (@EmploymentTypeId IS NULL OR e.EmploymentTypeId = @EmploymentTypeId)
      AND (@LocationId IS NULL OR e.LocationId = @LocationId)
    ORDER BY e.ActiveProjects DESC, e.Id
    OFFSET @offset ROWS FETCH NEXT @size ROWS ONLY
[2026-09-01 10:00:55] [ERR] Unhandled exception for GET /api/dashboard/projects-summary
Microsoft.Data.SqlClient.SqlException (0x80131904): Execution Timeout Expired.  The timeout period elapsed prior to completion of the operation or the server is not responding.
 ---> System.ComponentModel.Win32Exception (258): The wait operation timed out.
   at Microsoft.Data.SqlClient.SqlConnection.OnError(SqlException exception, Boolean breakConnection, Action`1 wrapCloseInAction)
   at Microsoft.Data.SqlClient.Connection.SqlConnectionInternal.OnError(SqlException exception, Boolean breakConnection, Action`1 wrapCloseInAction)
   at Microsoft.Data.SqlClient.TdsParser.ThrowExceptionAndWarning(TdsParserStateObject stateObj, SqlCommand command, Boolean callerHasConnectionLock, Boolean asyncClose)
   at Microsoft.Data.SqlClient.TdsParser.TryRun(RunBehavior runBehavior, SqlCommand cmdHandler, SqlDataReader dataStream, BulkCopySimpleResultSet bulkCopyHandler, TdsParserStateObject stateObj, Boolean& dataReady)
   at Microsoft.Data.SqlClient.SqlDataReader.TryConsumeMetaData()
   at Microsoft.Data.SqlClient.SqlDataReader.get_MetaData()
   at Microsoft.Data.SqlClient.SqlCommand.FinishExecuteReader(SqlDataReader ds, RunBehavior runBehavior, String resetOptionsString, Boolean isInternal, Boolean forDescribeParameterEncryption, Boolean shouldCacheForAlwaysEncrypted)
   at Microsoft.Data.SqlClient.SqlCommand.RunExecuteReaderTds(CommandBehavior cmdBehavior, RunBehavior runBehavior, Boolean returnStream, Boolean isAsync, Int32 timeout, Task& task, Boolean asyncWrite, Boolean isRetry, SqlDataReader ds, Boolean describeParameterEncryptionRequest)
   at Microsoft.Data.SqlClient.SqlCommand.RunExecuteReader(CommandBehavior cmdBehavior, RunBehavior runBehavior, Boolean returnStream, TaskCompletionSource`1 completion, Int32 timeout, Task& executeTask, Boolean& usedCache, Boolean asyncWrite, Boolean isRetry, String method)
   at Microsoft.Data.SqlClient.SqlCommand.RunExecuteReader(CommandBehavior cmdBehavior, RunBehavior runBehavior, Boolean returnStream, String method)
   at Microsoft.Data.SqlClient.SqlCommand.ExecuteReader(CommandBehavior behavior)
   at Microsoft.Data.SqlClient.SqlCommand.ExecuteReader()
   at Backend.Repositories.EmployeeRepository.GetProjectsSummary(Nullable`1 departmentId, Nullable`1 employmentTypeId, Nullable`1 locationId) in C:\Users\Z100179\Desktop\MainFolder\Backend\Repositories\EmployeeRepository.cs:line 304
   at Backend.Controllers.DashboardController.GetProjectsSummary(Nullable`1 departmentId, Nullable`1 employmentTypeId, Nullable`1 locationId) in C:\Users\Z100179\Desktop\MainFolder\Backend\Controller\DashboardController.cs:line 44
   at lambda_method13(Closure, Object, Object[])
   at Microsoft.AspNetCore.Mvc.Infrastructure.ActionMethodExecutor.SyncObjectResultExecutor.Execute(ActionContext actionContext, IActionResultTypeMapper mapper, ObjectMethodExecutor executor, Object controller, Object[] arguments)
   at Microsoft.AspNetCore.Mvc.Infrastructure.ControllerActionInvoker.InvokeActionMethodAsync()
   at Microsoft.AspNetCore.Mvc.Infrastructure.ControllerActionInvoker.Next(State& next, Scope& scope, Object& state, Boolean& isCompleted)
   at Microsoft.AspNetCore.Mvc.Infrastructure.ControllerActionInvoker.InvokeNextActionFilterAsync()
--- End of stack trace from previous location ---
   at Microsoft.AspNetCore.Mvc.Infrastructure.ControllerActionInvoker.Rethrow(ActionExecutedContextSealed context)
   at Microsoft.AspNetCore.Mvc.Infrastructure.ControllerActionInvoker.Next(State& next, Scope& scope, Object& state, Boolean& isCompleted)
   at Microsoft.AspNetCore.Mvc.Infrastructure.ControllerActionInvoker.InvokeInnerFilterAsync()
--- End of stack trace from previous location ---
   at Microsoft.AspNetCore.Mvc.Infrastructure.ResourceInvoker.<InvokeFilterPipelineAsync>g__Awaited|20_0(ResourceInvoker invoker, Task lastTask, State next, Scope scope, Object state, Boolean isCompleted)
   at Microsoft.AspNetCore.Mvc.Infrastructure.ResourceInvoker.<InvokeAsync>g__Awaited|17_0(ResourceInvoker invoker, Task task, IDisposable scope)
   at Microsoft.AspNetCore.Mvc.Infrastructure.ResourceInvoker.<InvokeAsync>g__Awaited|17_0(ResourceInvoker invoker, Task task, IDisposable scope)
   at Microsoft.AspNetCore.Authorization.AuthorizationMiddleware.Invoke(HttpContext context)
   at Backend.Middleware.ExceptionMiddleware.InvokeAsync(HttpContext context) in C:\Users\Z100179\Desktop\MainFolder\Backend\Middleware\ExceptionMiddleware.cs:line 19
ClientConnectionId:808f5256-0fcb-4f9f-a7a3-e747f267c568
Error Number:-2,State:0,Class:11
[2026-09-01 10:00:55] [ERR] Unhandled exception for GET /api/employees/top-contributors
Microsoft.Data.SqlClient.SqlException (0x80131904): Execution Timeout Expired.  The timeout period elapsed prior to completion of the operation or the server is not responding.
 ---> System.ComponentModel.Win32Exception (258): The wait operation timed out.
   at Microsoft.Data.SqlClient.SqlConnection.OnError(SqlException exception, Boolean breakConnection, Action`1 wrapCloseInAction)
   at Microsoft.Data.SqlClient.Connection.SqlConnectionInternal.OnError(SqlException exception, Boolean breakConnection, Action`1 wrapCloseInAction)
   at Microsoft.Data.SqlClient.TdsParser.ThrowExceptionAndWarning(TdsParserStateObject stateObj, SqlCommand command, Boolean callerHasConnectionLock, Boolean asyncClose)
   at Microsoft.Data.SqlClient.TdsParser.TryRun(RunBehavior runBehavior, SqlCommand cmdHandler, SqlDataReader dataStream, BulkCopySimpleResultSet bulkCopyHandler, TdsParserStateObject stateObj, Boolean& dataReady)
   at Microsoft.Data.SqlClient.SqlDataReader.TryConsumeMetaData()
   at Microsoft.Data.SqlClient.SqlDataReader.get_MetaData()
   at Microsoft.Data.SqlClient.SqlCommand.FinishExecuteReader(SqlDataReader ds, RunBehavior runBehavior, String resetOptionsString, Boolean isInternal, Boolean forDescribeParameterEncryption, Boolean shouldCacheForAlwaysEncrypted)
   at Microsoft.Data.SqlClient.SqlCommand.RunExecuteReaderTds(CommandBehavior cmdBehavior, RunBehavior runBehavior, Boolean returnStream, Boolean isAsync, Int32 timeout, Task& task, Boolean asyncWrite, Boolean isRetry, SqlDataReader ds, Boolean describeParameterEncryptionRequest)
   at Microsoft.Data.SqlClient.SqlCommand.RunExecuteReader(CommandBehavior cmdBehavior, RunBehavior runBehavior, Boolean returnStream, TaskCompletionSource`1 completion, Int32 timeout, Task& executeTask, Boolean& usedCache, Boolean asyncWrite, Boolean isRetry, String method)
   at Microsoft.Data.SqlClient.SqlCommand.RunExecuteReader(CommandBehavior cmdBehavior, RunBehavior runBehavior, Boolean returnStream, String method)
   at Microsoft.Data.SqlClient.SqlCommand.ExecuteReader(CommandBehavior behavior)
   at Microsoft.Data.SqlClient.SqlCommand.ExecuteReader()
   at Backend.Repositories.EmployeeRepository.GetTopContributors(Int32 offset, Int32 size, Nullable`1 departmentId, Nullable`1 employmentTypeId, Nullable`1 locationId) in C:\Users\Z100179\Desktop\MainFolder\Backend\Repositories\EmployeeRepository.cs:line 374
   at Backend.Controllers.EmployeesController.GetTopContributors(Int32 offset, Int32 size, Nullable`1 departmentId, Nullable`1 employmentTypeId, Nullable`1 locationId) in C:\Users\Z100179\Desktop\MainFolder\Backend\Controller\EmployeesController.cs:line 73
   at lambda_method15(Closure, Object, Object[])
   at Microsoft.AspNetCore.Mvc.Infrastructure.ActionMethodExecutor.SyncActionResultExecutor.Execute(ActionContext actionContext, IActionResultTypeMapper mapper, ObjectMethodExecutor executor, Object controller, Object[] arguments)
   at Microsoft.AspNetCore.Mvc.Infrastructure.ControllerActionInvoker.InvokeActionMethodAsync()
   at Microsoft.AspNetCore.Mvc.Infrastructure.ControllerActionInvoker.Next(State& next, Scope& scope, Object& state, Boolean& isCompleted)
   at Microsoft.AspNetCore.Mvc.Infrastructure.ControllerActionInvoker.InvokeNextActionFilterAsync()
--- End of stack trace from previous location ---
   at Microsoft.AspNetCore.Mvc.Infrastructure.ControllerActionInvoker.Rethrow(ActionExecutedContextSealed context)
   at Microsoft.AspNetCore.Mvc.Infrastructure.ControllerActionInvoker.Next(State& next, Scope& scope, Object& state, Boolean& isCompleted)
   at Microsoft.AspNetCore.Mvc.Infrastructure.ControllerActionInvoker.InvokeInnerFilterAsync()
--- End of stack trace from previous location ---
   at Microsoft.AspNetCore.Mvc.Infrastructure.ResourceInvoker.<InvokeFilterPipelineAsync>g__Awaited|20_0(ResourceInvoker invoker, Task lastTask, State next, Scope scope, Object state, Boolean isCompleted)
   at Microsoft.AspNetCore.Mvc.Infrastructure.ResourceInvoker.<InvokeAsync>g__Awaited|17_0(ResourceInvoker invoker, Task task, IDisposable scope)
   at Microsoft.AspNetCore.Mvc.Infrastructure.ResourceInvoker.<InvokeAsync>g__Awaited|17_0(ResourceInvoker invoker, Task task, IDisposable scope)
   at Microsoft.AspNetCore.Authorization.AuthorizationMiddleware.Invoke(HttpContext context)
   at Backend.Middleware.ExceptionMiddleware.InvokeAsync(HttpContext context) in C:\Users\Z100179\Desktop\MainFolder\Backend\Middleware\ExceptionMiddleware.cs:line 19
ClientConnectionId:2c44d930-fbe2-4559-b7af-fc6c25a39dd0
Error Number:-2,State:0,Class:11
[2026-09-01 10:00:55] [ERR] HTTP GET /api/employees/top-contributors responded 500 in 30184.6039 ms
[2026-09-01 10:00:55] [ERR] HTTP GET /api/dashboard/projects-summary responded 500 in 30196.8959 ms
[2026-09-01 10:01:15] [ERR] Unhandled exception for GET /api/dashboard/projects-summary
Microsoft.Data.SqlClient.SqlException (0x80131904): Execution Timeout Expired.  The timeout period elapsed prior to completion of the operation or the server is not responding.
 ---> System.ComponentModel.Win32Exception (258): The wait operation timed out.
   at Microsoft.Data.SqlClient.SqlConnection.OnError(SqlException exception, Boolean breakConnection, Action`1 wrapCloseInAction)
   at Microsoft.Data.SqlClient.Connection.SqlConnectionInternal.OnError(SqlException exception, Boolean breakConnection, Action`1 wrapCloseInAction)
   at Microsoft.Data.SqlClient.TdsParser.ThrowExceptionAndWarning(TdsParserStateObject stateObj, SqlCommand command, Boolean callerHasConnectionLock, Boolean asyncClose)
   at Microsoft.Data.SqlClient.TdsParser.TryRun(RunBehavior runBehavior, SqlCommand cmdHandler, SqlDataReader dataStream, BulkCopySimpleResultSet bulkCopyHandler, TdsParserStateObject stateObj, Boolean& dataReady)
   at Microsoft.Data.SqlClient.SqlDataReader.TryConsumeMetaData()
   at Microsoft.Data.SqlClient.SqlDataReader.get_MetaData()
   at Microsoft.Data.SqlClient.SqlCommand.FinishExecuteReader(SqlDataReader ds, RunBehavior runBehavior, String resetOptionsString, Boolean isInternal, Boolean forDescribeParameterEncryption, Boolean shouldCacheForAlwaysEncrypted)
   at Microsoft.Data.SqlClient.SqlCommand.RunExecuteReaderTds(CommandBehavior cmdBehavior, RunBehavior runBehavior, Boolean returnStream, Boolean isAsync, Int32 timeout, Task& task, Boolean asyncWrite, Boolean isRetry, SqlDataReader ds, Boolean describeParameterEncryptionRequest)
   at Microsoft.Data.SqlClient.SqlCommand.RunExecuteReader(CommandBehavior cmdBehavior, RunBehavior runBehavior, Boolean returnStream, TaskCompletionSource`1 completion, Int32 timeout, Task& executeTask, Boolean& usedCache, Boolean asyncWrite, Boolean isRetry, String method)
   at Microsoft.Data.SqlClient.SqlCommand.RunExecuteReader(CommandBehavior cmdBehavior, RunBehavior runBehavior, Boolean returnStream, String method)
   at Microsoft.Data.SqlClient.SqlCommand.ExecuteReader(CommandBehavior behavior)
   at Microsoft.Data.SqlClient.SqlCommand.ExecuteReader()
   at Backend.Repositories.EmployeeRepository.GetProjectsSummary(Nullable`1 departmentId, Nullable`1 employmentTypeId, Nullable`1 locationId) in C:\Users\Z100179\Desktop\MainFolder\Backend\Repositories\EmployeeRepository.cs:line 304
   at Backend.Controllers.DashboardController.GetProjectsSummary(Nullable`1 departmentId, Nullable`1 employmentTypeId, Nullable`1 locationId) in C:\Users\Z100179\Desktop\MainFolder\Backend\Controller\DashboardController.cs:line 44
   at lambda_method13(Closure, Object, Object[])
   at Microsoft.AspNetCore.Mvc.Infrastructure.ActionMethodExecutor.SyncObjectResultExecutor.Execute(ActionContext actionContext, IActionResultTypeMapper mapper, ObjectMethodExecutor executor, Object controller, Object[] arguments)
   at Microsoft.AspNetCore.Mvc.Infrastructure.ControllerActionInvoker.InvokeActionMethodAsync()
   at Microsoft.AspNetCore.Mvc.Infrastructure.ControllerActionInvoker.Next(State& next, Scope& scope, Object& state, Boolean& isCompleted)
   at Microsoft.AspNetCore.Mvc.Infrastructure.ControllerActionInvoker.InvokeNextActionFilterAsync()
--- End of stack trace from previous location ---
   at Microsoft.AspNetCore.Mvc.Infrastructure.ControllerActionInvoker.Rethrow(ActionExecutedContextSealed context)
   at Microsoft.AspNetCore.Mvc.Infrastructure.ControllerActionInvoker.Next(State& next, Scope& scope, Object& state, Boolean& isCompleted)
   at Microsoft.AspNetCore.Mvc.Infrastructure.ControllerActionInvoker.InvokeInnerFilterAsync()
--- End of stack trace from previous location ---
   at Microsoft.AspNetCore.Mvc.Infrastructure.ResourceInvoker.<InvokeFilterPipelineAsync>g__Awaited|20_0(ResourceInvoker invoker, Task lastTask, State next, Scope scope, Object state, Boolean isCompleted)
   at Microsoft.AspNetCore.Mvc.Infrastructure.ResourceInvoker.<InvokeAsync>g__Awaited|17_0(ResourceInvoker invoker, Task task, IDisposable scope)
   at Microsoft.AspNetCore.Mvc.Infrastructure.ResourceInvoker.<InvokeAsync>g__Awaited|17_0(ResourceInvoker invoker, Task task, IDisposable scope)
   at Microsoft.AspNetCore.Authorization.AuthorizationMiddleware.Invoke(HttpContext context)
   at Backend.Middleware.ExceptionMiddleware.InvokeAsync(HttpContext context) in C:\Users\Z100179\Desktop\MainFolder\Backend\Middleware\ExceptionMiddleware.cs:line 19
ClientConnectionId:85dc8f4f-8dc9-4a55-8379-e1494850a247
Error Number:-2,State:0,Class:11
[2026-09-01 10:01:15] [ERR] HTTP GET /api/dashboard/projects-summary responded 500 in 30085.5813 ms
[2026-09-01 10:01:15] [ERR] Unhandled exception for GET /api/employees/top-contributors
Microsoft.Data.SqlClient.SqlException (0x80131904): Execution Timeout Expired.  The timeout period elapsed prior to completion of the operation or the server is not responding.
 ---> System.ComponentModel.Win32Exception (258): The wait operation timed out.
   at Microsoft.Data.SqlClient.SqlConnection.OnError(SqlException exception, Boolean breakConnection, Action`1 wrapCloseInAction)
   at Microsoft.Data.SqlClient.Connection.SqlConnectionInternal.OnError(SqlException exception, Boolean breakConnection, Action`1 wrapCloseInAction)
   at Microsoft.Data.SqlClient.TdsParser.ThrowExceptionAndWarning(TdsParserStateObject stateObj, SqlCommand command, Boolean callerHasConnectionLock, Boolean asyncClose)
   at Microsoft.Data.SqlClient.TdsParser.TryRun(RunBehavior runBehavior, SqlCommand cmdHandler, SqlDataReader dataStream, BulkCopySimpleResultSet bulkCopyHandler, TdsParserStateObject stateObj, Boolean& dataReady)
   at Microsoft.Data.SqlClient.SqlDataReader.TrySetMetaData(_SqlMetaDataSet metaData, Boolean moreInfo)
   at Microsoft.Data.SqlClient.TdsParser.TryRun(RunBehavior runBehavior, SqlCommand cmdHandler, SqlDataReader dataStream, BulkCopySimpleResultSet bulkCopyHandler, TdsParserStateObject stateObj, Boolean& dataReady)
   at Microsoft.Data.SqlClient.SqlDataReader.TryConsumeMetaData()
   at Microsoft.Data.SqlClient.SqlDataReader.get_MetaData()
   at Microsoft.Data.SqlClient.SqlCommand.FinishExecuteReader(SqlDataReader ds, RunBehavior runBehavior, String resetOptionsString, Boolean isInternal, Boolean forDescribeParameterEncryption, Boolean shouldCacheForAlwaysEncrypted)
   at Microsoft.Data.SqlClient.SqlCommand.RunExecuteReaderTds(CommandBehavior cmdBehavior, RunBehavior runBehavior, Boolean returnStream, Boolean isAsync, Int32 timeout, Task& task, Boolean asyncWrite, Boolean isRetry, SqlDataReader ds, Boolean describeParameterEncryptionRequest)
   at Microsoft.Data.SqlClient.SqlCommand.RunExecuteReader(CommandBehavior cmdBehavior, RunBehavior runBehavior, Boolean returnStream, TaskCompletionSource`1 completion, Int32 timeout, Task& executeTask, Boolean& usedCache, Boolean asyncWrite, Boolean isRetry, String method)
   at Microsoft.Data.SqlClient.SqlCommand.RunExecuteReader(CommandBehavior cmdBehavior, RunBehavior runBehavior, Boolean returnStream, String method)
   at Microsoft.Data.SqlClient.SqlCommand.ExecuteReader(CommandBehavior behavior)
   at Microsoft.Data.SqlClient.SqlCommand.ExecuteReader()
   at Backend.Repositories.EmployeeRepository.GetTopContributors(Int32 offset, Int32 size, Nullable`1 departmentId, Nullable`1 employmentTypeId, Nullable`1 locationId) in C:\Users\Z100179\Desktop\MainFolder\Backend\Repositories\EmployeeRepository.cs:line 374
   at Backend.Controllers.EmployeesController.GetTopContributors(Int32 offset, Int32 size, Nullable`1 departmentId, Nullable`1 employmentTypeId, Nullable`1 locationId) in C:\Users\Z100179\Desktop\MainFolder\Backend\Controller\EmployeesController.cs:line 73
   at lambda_method15(Closure, Object, Object[])
   at Microsoft.AspNetCore.Mvc.Infrastructure.ActionMethodExecutor.SyncActionResultExecutor.Execute(ActionContext actionContext, IActionResultTypeMapper mapper, ObjectMethodExecutor executor, Object controller, Object[] arguments)
   at Microsoft.AspNetCore.Mvc.Infrastructure.ControllerActionInvoker.InvokeActionMethodAsync()
   at Microsoft.AspNetCore.Mvc.Infrastructure.ControllerActionInvoker.Next(State& next, Scope& scope, Object& state, Boolean& isCompleted)
   at Microsoft.AspNetCore.Mvc.Infrastructure.ControllerActionInvoker.InvokeNextActionFilterAsync()
--- End of stack trace from previous location ---
   at Microsoft.AspNetCore.Mvc.Infrastructure.ControllerActionInvoker.Rethrow(ActionExecutedContextSealed context)
   at Microsoft.AspNetCore.Mvc.Infrastructure.ControllerActionInvoker.Next(State& next, Scope& scope, Object& state, Boolean& isCompleted)
   at Microsoft.AspNetCore.Mvc.Infrastructure.ControllerActionInvoker.InvokeInnerFilterAsync()
--- End of stack trace from previous location ---
   at Microsoft.AspNetCore.Mvc.Infrastructure.ResourceInvoker.<InvokeFilterPipelineAsync>g__Awaited|20_0(ResourceInvoker invoker, Task lastTask, State next, Scope scope, Object state, Boolean isCompleted)
   at Microsoft.AspNetCore.Mvc.Infrastructure.ResourceInvoker.<InvokeAsync>g__Awaited|17_0(ResourceInvoker invoker, Task task, IDisposable scope)
   at Microsoft.AspNetCore.Mvc.Infrastructure.ResourceInvoker.<InvokeAsync>g__Awaited|17_0(ResourceInvoker invoker, Task task, IDisposable scope)
   at Microsoft.AspNetCore.Authorization.AuthorizationMiddleware.Invoke(HttpContext context)
   at Backend.Middleware.ExceptionMiddleware.InvokeAsync(HttpContext context) in C:\Users\Z100179\Desktop\MainFolder\Backend\Middleware\ExceptionMiddleware.cs:line 19
ClientConnectionId:bf0beb47-448c-4bd2-8142-53aa6c75961a
Error Number:-2,State:0,Class:11
[2026-09-01 10:01:15] [ERR] HTTP GET /api/employees/top-contributors responded 500 in 30136.7674 ms
[2026-09-01 10:01:45] [INF] Query executed :
        SELECT
            COALESCE(SUM(e.ActiveProjects), 0) AS TotalProjects,
            COALESCE(AVG(CAST(e.ActiveProjects AS DECIMAL(10, 2))), 0) AS AverageProjects,
            COALESCE(SUM(CASE WHEN e.IsActive = 1 THEN 1 ELSE 0 END), 0) AS ActiveEmployees,
            COALESCE(MAX(e.ActiveProjects), 0) AS HighestProjects
        FROM Employees e
        WHERE (@DepartmentId IS NULL OR e.DepartmentId = @DepartmentId)
          AND (@EmploymentTypeId IS NULL OR e.EmploymentTypeId = @EmploymentTypeId)
          AND (@LocationId IS NULL OR e.LocationId = @LocationId);

        SELECT
            d.Name AS Department,
            COALESCE(SUM(e.ActiveProjects), 0) AS Projects
        FROM Employees e
        INNER JOIN Departments d ON e.DepartmentId = d.Id
        WHERE (@DepartmentId IS NULL OR e.DepartmentId = @DepartmentId)
          AND (@EmploymentTypeId IS NULL OR e.EmploymentTypeId = @EmploymentTypeId)
          AND (@LocationId IS NULL OR e.LocationId = @LocationId)
        GROUP BY d.Name
[2026-09-01 10:01:45] [INF] Query executed :
    SELECT
        e.Id,
        e.EmployeeCode,
        e.Name,
        d.Name AS Department,
        et.Name AS EmploymentType,
        l.Name AS Location,
        e.Attendance,
        e.Performance,
        e.ActiveProjects,
        e.ExperienceYears,
        e.Salary,
        e.JoiningYear,
        e.IsActive,
        e.DepartmentId,
        e.EmploymentTypeId,
        e.LocationId
    FROM Employees e
    INNER JOIN Departments d ON e.DepartmentId = d.Id
    INNER JOIN Locations l ON e.LocationId = l.Id
    INNER JOIN EmploymentTypes et ON e.EmploymentTypeId = et.Id
    WHERE (@DepartmentId IS NULL OR e.DepartmentId = @DepartmentId)
      AND (@EmploymentTypeId IS NULL OR e.EmploymentTypeId = @EmploymentTypeId)
      AND (@LocationId IS NULL OR e.LocationId = @LocationId)
    ORDER BY e.ActiveProjects DESC, e.Id
    OFFSET @offset ROWS FETCH NEXT @size ROWS ONLY
[2026-09-01 10:01:46] [INF] HTTP GET /api/dashboard/projects-summary responded 200 in 374.2956 ms
[2026-09-01 10:01:46] [INF] Query executed :
        SELECT
            COALESCE(SUM(e.ActiveProjects), 0) AS TotalProjects,
            COALESCE(AVG(CAST(e.ActiveProjects AS DECIMAL(10, 2))), 0) AS AverageProjects,
            COALESCE(SUM(CASE WHEN e.IsActive = 1 THEN 1 ELSE 0 END), 0) AS ActiveEmployees,
            COALESCE(MAX(e.ActiveProjects), 0) AS HighestProjects
        FROM Employees e
        WHERE (@DepartmentId IS NULL OR e.DepartmentId = @DepartmentId)
          AND (@EmploymentTypeId IS NULL OR e.EmploymentTypeId = @EmploymentTypeId)
          AND (@LocationId IS NULL OR e.LocationId = @LocationId);

        SELECT
            d.Name AS Department,
            COALESCE(SUM(e.ActiveProjects), 0) AS Projects
        FROM Employees e
        INNER JOIN Departments d ON e.DepartmentId = d.Id
        WHERE (@DepartmentId IS NULL OR e.DepartmentId = @DepartmentId)
          AND (@EmploymentTypeId IS NULL OR e.EmploymentTypeId = @EmploymentTypeId)
          AND (@LocationId IS NULL OR e.LocationId = @LocationId)
        GROUP BY d.Name
[2026-09-01 10:01:46] [INF] Fetched 10 top contributors from page 0 with total 100000
[2026-09-01 10:01:46] [INF] HTTP GET /api/employees/top-contributors responded 200 in 487.5705 ms
[2026-09-01 10:01:46] [INF] Query executed :
    SELECT
        e.Id,
        e.EmployeeCode,
        e.Name,
        d.Name AS Department,
        et.Name AS EmploymentType,
        l.Name AS Location,
        e.Attendance,
        e.Performance,
        e.ActiveProjects,
        e.ExperienceYears,
        e.Salary,
        e.JoiningYear,
        e.IsActive,
        e.DepartmentId,
        e.EmploymentTypeId,
        e.LocationId
    FROM Employees e
    INNER JOIN Departments d ON e.DepartmentId = d.Id
    INNER JOIN Locations l ON e.LocationId = l.Id
    INNER JOIN EmploymentTypes et ON e.EmploymentTypeId = et.Id
    WHERE (@DepartmentId IS NULL OR e.DepartmentId = @DepartmentId)
      AND (@EmploymentTypeId IS NULL OR e.EmploymentTypeId = @EmploymentTypeId)
      AND (@LocationId IS NULL OR e.LocationId = @LocationId)
    ORDER BY e.ActiveProjects DESC, e.Id
    OFFSET @offset ROWS FETCH NEXT @size ROWS ONLY
[2026-09-01 10:01:46] [INF] HTTP GET /api/dashboard/projects-summary responded 200 in 279.2677 ms
[2026-09-01 10:01:46] [INF] Fetched 10 top contributors from page 0 with total 100000
[2026-09-01 10:01:46] [INF] HTTP GET /api/employees/top-contributors responded 200 in 314.5563 ms
[2026-09-01 10:01:54] [INF] Query Executed 
    SELECT
        e.Id,
        e.EmployeeCode,
        e.Name,
        d.Name AS Department,
        et.Name AS EmploymentType,
        l.Name AS Location,
        e.Attendance,
        e.Performance,
        e.ActiveProjects,
        e.ExperienceYears,
        e.Salary,
        e.JoiningYear,
        e.IsActive,
        e.DepartmentId,
        e.EmploymentTypeId,
        e.LocationId
    FROM Employees e
    INNER JOIN Departments d
        ON e.DepartmentId = d.Id
    INNER JOIN Locations l
        ON e.LocationId = l.Id
    INNER JOIN EmploymentTypes et
        ON e.EmploymentTypeId = et.Id
    WHERE (@DepartmentId IS NULL OR e.DepartmentId = @DepartmentId)
      AND (@EmploymentTypeId IS NULL OR e.EmploymentTypeId = @EmploymentTypeId)
      AND (@LocationId IS NULL OR e.LocationId = @LocationId)
        order by e.Id
        OFFSET @offset rows
        FETCH NEXT  @size rows only
        
[2026-09-01 10:01:54] [INF] Query executed :
        SELECT
            COALESCE(AVG(CAST(e.Attendance AS DECIMAL(10, 2))), 0) AS AverageAttendance,
            COALESCE(MAX(e.Attendance), 0) AS HighestAttendance,
            COALESCE(SUM(CASE WHEN e.Attendance >= 95 THEN 1 ELSE 0 END), 0) AS ExcellentCount,
            COALESCE(SUM(CASE WHEN e.Attendance < 85 THEN 1 ELSE 0 END), 0) AS LowCount
        FROM Employees e
        WHERE (@DepartmentId IS NULL OR e.DepartmentId = @DepartmentId)
          AND (@EmploymentTypeId IS NULL OR e.EmploymentTypeId = @EmploymentTypeId)
          AND (@LocationId IS NULL OR e.LocationId = @LocationId);

        SELECT
            d.Name AS Department,
            COALESCE(AVG(CAST(e.Attendance AS DECIMAL(10, 2))), 0) AS Attendance
        FROM Employees e
        INNER JOIN Departments d ON e.DepartmentId = d.Id
        WHERE (@DepartmentId IS NULL OR e.DepartmentId = @DepartmentId)
          AND (@EmploymentTypeId IS NULL OR e.EmploymentTypeId = @EmploymentTypeId)
          AND (@LocationId IS NULL OR e.LocationId = @LocationId)
        GROUP BY d.Name
[2026-09-01 10:01:54] [INF] Fetched 10 employees from page 0 with total 100000
[2026-09-01 10:01:54] [INF] HTTP GET /api/employees/paginated responded 200 in 97.5105 ms
[2026-09-01 10:01:54] [INF] Query Executed 
    SELECT
        e.Id,
        e.EmployeeCode,
        e.Name,
        d.Name AS Department,
        et.Name AS EmploymentType,
        l.Name AS Location,
        e.Attendance,
        e.Performance,
        e.ActiveProjects,
        e.ExperienceYears,
        e.Salary,
        e.JoiningYear,
        e.IsActive,
        e.DepartmentId,
        e.EmploymentTypeId,
        e.LocationId
    FROM Employees e
    INNER JOIN Departments d
        ON e.DepartmentId = d.Id
    INNER JOIN Locations l
        ON e.LocationId = l.Id
    INNER JOIN EmploymentTypes et
        ON e.EmploymentTypeId = et.Id
    WHERE (@DepartmentId IS NULL OR e.DepartmentId = @DepartmentId)
      AND (@EmploymentTypeId IS NULL OR e.EmploymentTypeId = @EmploymentTypeId)
      AND (@LocationId IS NULL OR e.LocationId = @LocationId)
        order by e.Id
        OFFSET @offset rows
        FETCH NEXT  @size rows only
        
[2026-09-01 10:01:54] [INF] Fetched 10 employees from page 0 with total 100000
[2026-09-01 10:01:54] [INF] HTTP GET /api/employees/paginated responded 200 in 42.2310 ms
[2026-09-01 10:01:54] [INF] HTTP GET /api/dashboard/attendance-summary responded 200 in 564.6743 ms
[2026-09-01 10:01:54] [INF] Query executed :
        SELECT
            COALESCE(AVG(CAST(e.Attendance AS DECIMAL(10, 2))), 0) AS AverageAttendance,
            COALESCE(MAX(e.Attendance), 0) AS HighestAttendance,
            COALESCE(SUM(CASE WHEN e.Attendance >= 95 THEN 1 ELSE 0 END), 0) AS ExcellentCount,
            COALESCE(SUM(CASE WHEN e.Attendance < 85 THEN 1 ELSE 0 END), 0) AS LowCount
        FROM Employees e
        WHERE (@DepartmentId IS NULL OR e.DepartmentId = @DepartmentId)
          AND (@EmploymentTypeId IS NULL OR e.EmploymentTypeId = @EmploymentTypeId)
          AND (@LocationId IS NULL OR e.LocationId = @LocationId);

        SELECT
            d.Name AS Department,
            COALESCE(AVG(CAST(e.Attendance AS DECIMAL(10, 2))), 0) AS Attendance
        FROM Employees e
        INNER JOIN Departments d ON e.DepartmentId = d.Id
        WHERE (@DepartmentId IS NULL OR e.DepartmentId = @DepartmentId)
          AND (@EmploymentTypeId IS NULL OR e.EmploymentTypeId = @EmploymentTypeId)
          AND (@LocationId IS NULL OR e.LocationId = @LocationId)
        GROUP BY d.Name
[2026-09-01 10:01:55] [INF] HTTP GET /api/dashboard/attendance-summary responded 200 in 342.3732 ms
[2026-09-01 10:01:59] [INF] Executing dashboard summary query. Filters: DepartmentId=ALL, EmploymentTypeId=ALL, LocationId=ALL. Query: 
        SELECT
            COUNT(*) AS TotalEmployees,
            COALESCE(SUM(CASE WHEN IsActive = 1 THEN 1 ELSE 0 END), 0) AS ActiveEmployees,
            COALESCE(AVG(CAST(Attendance AS DECIMAL(10, 2))), 0) AS AverageAttendance,
            COALESCE(AVG(CAST(Performance AS DECIMAL(10, 2))), 0) AS AveragePerformance
        FROM Employees
        WHERE (@DepartmentId IS NULL OR DepartmentId = @DepartmentId)
          AND (@EmploymentTypeId IS NULL OR EmploymentTypeId = @EmploymentTypeId)
          AND (@LocationId IS NULL OR LocationId = @LocationId)
[2026-09-01 10:02:00] [INF] Dashboard summary query executed. Filters: DepartmentId=ALL, EmploymentTypeId=ALL, LocationId=ALL. Result: TotalEmployees=100000, ActiveEmployees=93334
[2026-09-01 10:02:00] [INF] HTTP GET /api/dashboard/summary responded 200 in 411.5531 ms
[2026-09-01 10:02:00] [INF] Executing dashboard summary query. Filters: DepartmentId=ALL, EmploymentTypeId=ALL, LocationId=ALL. Query: 
        SELECT
            COUNT(*) AS TotalEmployees,
            COALESCE(SUM(CASE WHEN IsActive = 1 THEN 1 ELSE 0 END), 0) AS ActiveEmployees,
            COALESCE(AVG(CAST(Attendance AS DECIMAL(10, 2))), 0) AS AverageAttendance,
            COALESCE(AVG(CAST(Performance AS DECIMAL(10, 2))), 0) AS AveragePerformance
        FROM Employees
        WHERE (@DepartmentId IS NULL OR DepartmentId = @DepartmentId)
          AND (@EmploymentTypeId IS NULL OR EmploymentTypeId = @EmploymentTypeId)
          AND (@LocationId IS NULL OR LocationId = @LocationId)
[2026-09-01 10:02:00] [INF] GetFilters started
[2026-09-01 10:02:00] [INF] GetFilters ended in 0.65 ms
[2026-09-01 10:02:00] [INF] HTTP GET /api/filters responded 200 in 2.2202 ms
[2026-09-01 10:02:00] [INF] Dashboard summary query executed. Filters: DepartmentId=ALL, EmploymentTypeId=ALL, LocationId=ALL. Result: TotalEmployees=100000, ActiveEmployees=93334
[2026-09-01 10:02:00] [INF] HTTP GET /api/dashboard/summary responded 200 in 330.1345 ms
[2026-09-01 10:02:04] [INF] Executing dashboard summary query. Filters: DepartmentId=ALL, EmploymentTypeId=1, LocationId=ALL. Query: 
        SELECT
            COUNT(*) AS TotalEmployees,
            COALESCE(SUM(CASE WHEN IsActive = 1 THEN 1 ELSE 0 END), 0) AS ActiveEmployees,
            COALESCE(AVG(CAST(Attendance AS DECIMAL(10, 2))), 0) AS AverageAttendance,
            COALESCE(AVG(CAST(Performance AS DECIMAL(10, 2))), 0) AS AveragePerformance
        FROM Employees
        WHERE (@DepartmentId IS NULL OR DepartmentId = @DepartmentId)
          AND (@EmploymentTypeId IS NULL OR EmploymentTypeId = @EmploymentTypeId)
          AND (@LocationId IS NULL OR LocationId = @LocationId)
[2026-09-01 10:02:05] [INF] Dashboard summary query executed. Filters: DepartmentId=ALL, EmploymentTypeId=1, LocationId=ALL. Result: TotalEmployees=70000, ActiveEmployees=65001
[2026-09-01 10:02:05] [INF] HTTP GET /api/dashboard/summary responded 200 in 974.1132 ms
[2026-09-01 10:02:09] [INF] Query executed :
        SELECT
            COALESCE(SUM(e.ActiveProjects), 0) AS TotalProjects,
            COALESCE(AVG(CAST(e.ActiveProjects AS DECIMAL(10, 2))), 0) AS AverageProjects,
            COALESCE(SUM(CASE WHEN e.IsActive = 1 THEN 1 ELSE 0 END), 0) AS ActiveEmployees,
            COALESCE(MAX(e.ActiveProjects), 0) AS HighestProjects
        FROM Employees e
        WHERE (@DepartmentId IS NULL OR e.DepartmentId = @DepartmentId)
          AND (@EmploymentTypeId IS NULL OR e.EmploymentTypeId = @EmploymentTypeId)
          AND (@LocationId IS NULL OR e.LocationId = @LocationId);

        SELECT
            d.Name AS Department,
            COALESCE(SUM(e.ActiveProjects), 0) AS Projects
        FROM Employees e
        INNER JOIN Departments d ON e.DepartmentId = d.Id
        WHERE (@DepartmentId IS NULL OR e.DepartmentId = @DepartmentId)
          AND (@EmploymentTypeId IS NULL OR e.EmploymentTypeId = @EmploymentTypeId)
          AND (@LocationId IS NULL OR e.LocationId = @LocationId)
        GROUP BY d.Name
[2026-09-01 10:02:09] [INF] Query executed :
    SELECT
        e.Id,
        e.EmployeeCode,
        e.Name,
        d.Name AS Department,
        et.Name AS EmploymentType,
        l.Name AS Location,
        e.Attendance,
        e.Performance,
        e.ActiveProjects,
        e.ExperienceYears,
        e.Salary,
        e.JoiningYear,
        e.IsActive,
        e.DepartmentId,
        e.EmploymentTypeId,
        e.LocationId
    FROM Employees e
    INNER JOIN Departments d ON e.DepartmentId = d.Id
    INNER JOIN Locations l ON e.LocationId = l.Id
    INNER JOIN EmploymentTypes et ON e.EmploymentTypeId = et.Id
    WHERE (@DepartmentId IS NULL OR e.DepartmentId = @DepartmentId)
      AND (@EmploymentTypeId IS NULL OR e.EmploymentTypeId = @EmploymentTypeId)
      AND (@LocationId IS NULL OR e.LocationId = @LocationId)
    ORDER BY e.ActiveProjects DESC, e.Id
    OFFSET @offset ROWS FETCH NEXT @size ROWS ONLY
[2026-09-01 10:02:09] [INF] Fetched 10 top contributors from page 0 with total 70000
[2026-09-01 10:02:09] [INF] HTTP GET /api/employees/top-contributors responded 200 in 486.6718 ms
[2026-09-01 10:02:09] [INF] HTTP GET /api/dashboard/projects-summary responded 200 in 497.7523 ms
[2026-09-01 10:02:09] [INF] Query executed :
    SELECT
        e.Id,
        e.EmployeeCode,
        e.Name,
        d.Name AS Department,
        et.Name AS EmploymentType,
        l.Name AS Location,
        e.Attendance,
        e.Performance,
        e.ActiveProjects,
        e.ExperienceYears,
        e.Salary,
        e.JoiningYear,
        e.IsActive,
        e.DepartmentId,
        e.EmploymentTypeId,
        e.LocationId
    FROM Employees e
    INNER JOIN Departments d ON e.DepartmentId = d.Id
    INNER JOIN Locations l ON e.LocationId = l.Id
    INNER JOIN EmploymentTypes et ON e.EmploymentTypeId = et.Id
    WHERE (@DepartmentId IS NULL OR e.DepartmentId = @DepartmentId)
      AND (@EmploymentTypeId IS NULL OR e.EmploymentTypeId = @EmploymentTypeId)
      AND (@LocationId IS NULL OR e.LocationId = @LocationId)
    ORDER BY e.ActiveProjects DESC, e.Id
    OFFSET @offset ROWS FETCH NEXT @size ROWS ONLY
[2026-09-01 10:02:09] [INF] Query executed :
        SELECT
            COALESCE(SUM(e.ActiveProjects), 0) AS TotalProjects,
            COALESCE(AVG(CAST(e.ActiveProjects AS DECIMAL(10, 2))), 0) AS AverageProjects,
            COALESCE(SUM(CASE WHEN e.IsActive = 1 THEN 1 ELSE 0 END), 0) AS ActiveEmployees,
            COALESCE(MAX(e.ActiveProjects), 0) AS HighestProjects
        FROM Employees e
        WHERE (@DepartmentId IS NULL OR e.DepartmentId = @DepartmentId)
          AND (@EmploymentTypeId IS NULL OR e.EmploymentTypeId = @EmploymentTypeId)
          AND (@LocationId IS NULL OR e.LocationId = @LocationId);

        SELECT
            d.Name AS Department,
            COALESCE(SUM(e.ActiveProjects), 0) AS Projects
        FROM Employees e
        INNER JOIN Departments d ON e.DepartmentId = d.Id
        WHERE (@DepartmentId IS NULL OR e.DepartmentId = @DepartmentId)
          AND (@EmploymentTypeId IS NULL OR e.EmploymentTypeId = @EmploymentTypeId)
          AND (@LocationId IS NULL OR e.LocationId = @LocationId)
        GROUP BY d.Name
[2026-09-01 10:02:09] [INF] HTTP GET /api/dashboard/projects-summary responded 200 in 234.9881 ms
[2026-09-01 10:02:10] [INF] Fetched 10 top contributors from page 0 with total 70000
[2026-09-01 10:02:10] [INF] HTTP GET /api/employees/top-contributors responded 200 in 610.8397 ms
[2026-09-01 10:10:33] [INF] HTTP GET /api/employees/paginated responded 401 in 0.9259 ms
[2026-09-01 10:10:33] [INF] HTTP GET /api/employees/paginated responded 401 in 0.6010 ms
[2026-09-01 10:10:33] [INF] Refresh started
[2026-09-01 10:10:34] [INF] Access token refreshed successfully for user 3
[2026-09-01 10:10:34] [INF] Refresh ended in 301.04 ms
[2026-09-01 10:10:34] [INF] HTTP POST /api/auth/refresh responded 200 in 302.5588 ms
[2026-09-01 10:10:34] [INF] Query Executed 
    SELECT
        e.Id,
        e.EmployeeCode,
        e.Name,
        d.Name AS Department,
        et.Name AS EmploymentType,
        l.Name AS Location,
        e.Attendance,
        e.Performance,
        e.ActiveProjects,
        e.ExperienceYears,
        e.Salary,
        e.JoiningYear,
        e.IsActive,
        e.DepartmentId,
        e.EmploymentTypeId,
        e.LocationId
    FROM Employees e
    INNER JOIN Departments d
        ON e.DepartmentId = d.Id
    INNER JOIN Locations l
        ON e.LocationId = l.Id
    INNER JOIN EmploymentTypes et
        ON e.EmploymentTypeId = et.Id
    WHERE (@DepartmentId IS NULL OR e.DepartmentId = @DepartmentId)
      AND (@EmploymentTypeId IS NULL OR e.EmploymentTypeId = @EmploymentTypeId)
      AND (@LocationId IS NULL OR e.LocationId = @LocationId)
        order by e.Id
        OFFSET @offset rows
        FETCH NEXT  @size rows only
        
[2026-09-01 10:10:34] [INF] Fetched 10 employees from page 0 with total 100000
[2026-09-01 10:10:34] [INF] HTTP GET /api/employees/paginated responded 200 in 137.3477 ms
[2026-09-01 10:10:34] [INF] Query Executed 
    SELECT
        e.Id,
        e.EmployeeCode,
        e.Name,
        d.Name AS Department,
        et.Name AS EmploymentType,
        l.Name AS Location,
        e.Attendance,
        e.Performance,
        e.ActiveProjects,
        e.ExperienceYears,
        e.Salary,
        e.JoiningYear,
        e.IsActive,
        e.DepartmentId,
        e.EmploymentTypeId,
        e.LocationId
    FROM Employees e
    INNER JOIN Departments d
        ON e.DepartmentId = d.Id
    INNER JOIN Locations l
        ON e.LocationId = l.Id
    INNER JOIN EmploymentTypes et
        ON e.EmploymentTypeId = et.Id
    WHERE (@DepartmentId IS NULL OR e.DepartmentId = @DepartmentId)
      AND (@EmploymentTypeId IS NULL OR e.EmploymentTypeId = @EmploymentTypeId)
      AND (@LocationId IS NULL OR e.LocationId = @LocationId)
        order by e.Id
        OFFSET @offset rows
        FETCH NEXT  @size rows only
        
[2026-09-01 10:10:34] [INF] Fetched 10 employees from page 0 with total 100000
[2026-09-01 10:10:34] [INF] HTTP GET /api/employees/paginated responded 200 in 33.2404 ms
[2026-09-01 10:10:46] [INF] Query Executed 
    SELECT
        e.Id,
        e.EmployeeCode,
        e.Name,
        d.Name AS Department,
        et.Name AS EmploymentType,
        l.Name AS Location,
        e.Attendance,
        e.Performance,
        e.ActiveProjects,
        e.ExperienceYears,
        e.Salary,
        e.JoiningYear,
        e.IsActive,
        e.DepartmentId,
        e.EmploymentTypeId,
        e.LocationId
    FROM Employees e
    INNER JOIN Departments d
        ON e.DepartmentId = d.Id
    INNER JOIN Locations l
        ON e.LocationId = l.Id
    INNER JOIN EmploymentTypes et
        ON e.EmploymentTypeId = et.Id
    WHERE (@DepartmentId IS NULL OR e.DepartmentId = @DepartmentId)
      AND (@EmploymentTypeId IS NULL OR e.EmploymentTypeId = @EmploymentTypeId)
      AND (@LocationId IS NULL OR e.LocationId = @LocationId)
        order by e.Id
        OFFSET @offset rows
        FETCH NEXT  @size rows only
        
[2026-09-01 10:10:46] [INF] Fetched 100 employees from page 0 with total 100000
[2026-09-01 10:10:46] [INF] HTTP GET /api/employees/paginated responded 200 in 33.5346 ms
[2026-09-01 10:10:46] [INF] Query Executed 
    SELECT
        e.Id,
        e.EmployeeCode,
        e.Name,
        d.Name AS Department,
        et.Name AS EmploymentType,
        l.Name AS Location,
        e.Attendance,
        e.Performance,
        e.ActiveProjects,
        e.ExperienceYears,
        e.Salary,
        e.JoiningYear,
        e.IsActive,
        e.DepartmentId,
        e.EmploymentTypeId,
        e.LocationId
    FROM Employees e
    INNER JOIN Departments d
        ON e.DepartmentId = d.Id
    INNER JOIN Locations l
        ON e.LocationId = l.Id
    INNER JOIN EmploymentTypes et
        ON e.EmploymentTypeId = et.Id
    WHERE (@DepartmentId IS NULL OR e.DepartmentId = @DepartmentId)
      AND (@EmploymentTypeId IS NULL OR e.EmploymentTypeId = @EmploymentTypeId)
      AND (@LocationId IS NULL OR e.LocationId = @LocationId)
        order by e.Id
        OFFSET @offset rows
        FETCH NEXT  @size rows only
        
[2026-09-01 10:10:46] [INF] Fetched 100 employees from page 0 with total 100000
[2026-09-01 10:10:46] [INF] HTTP GET /api/employees/paginated responded 200 in 42.5267 ms
[2026-09-01 10:11:05] [INF] Query Executed 
    SELECT
        e.Id,
        e.EmployeeCode,
        e.Name,
        d.Name AS Department,
        et.Name AS EmploymentType,
        l.Name AS Location,
        e.Attendance,
        e.Performance,
        e.ActiveProjects,
        e.ExperienceYears,
        e.Salary,
        e.JoiningYear,
        e.IsActive,
        e.DepartmentId,
        e.EmploymentTypeId,
        e.LocationId
    FROM Employees e
    INNER JOIN Departments d
        ON e.DepartmentId = d.Id
    INNER JOIN Locations l
        ON e.LocationId = l.Id
    INNER JOIN EmploymentTypes et
        ON e.EmploymentTypeId = et.Id
    WHERE (@DepartmentId IS NULL OR e.DepartmentId = @DepartmentId)
      AND (@EmploymentTypeId IS NULL OR e.EmploymentTypeId = @EmploymentTypeId)
      AND (@LocationId IS NULL OR e.LocationId = @LocationId)
        order by e.Id
        OFFSET @offset rows
        FETCH NEXT  @size rows only
        
[2026-09-01 10:11:05] [INF] Fetched 100 employees from page 91 with total 100000
[2026-09-01 10:11:05] [INF] HTTP GET /api/employees/paginated responded 200 in 139.0567 ms
[2026-09-01 10:11:05] [INF] Query Executed 
    SELECT
        e.Id,
        e.EmployeeCode,
        e.Name,
        d.Name AS Department,
        et.Name AS EmploymentType,
        l.Name AS Location,
        e.Attendance,
        e.Performance,
        e.ActiveProjects,
        e.ExperienceYears,
        e.Salary,
        e.JoiningYear,
        e.IsActive,
        e.DepartmentId,
        e.EmploymentTypeId,
        e.LocationId
    FROM Employees e
    INNER JOIN Departments d
        ON e.DepartmentId = d.Id
    INNER JOIN Locations l
        ON e.LocationId = l.Id
    INNER JOIN EmploymentTypes et
        ON e.EmploymentTypeId = et.Id
    WHERE (@DepartmentId IS NULL OR e.DepartmentId = @DepartmentId)
      AND (@EmploymentTypeId IS NULL OR e.EmploymentTypeId = @EmploymentTypeId)
      AND (@LocationId IS NULL OR e.LocationId = @LocationId)
        order by e.Id
        OFFSET @offset rows
        FETCH NEXT  @size rows only
        
[2026-09-01 10:11:05] [INF] Fetched 100 employees from page 92 with total 100000
[2026-09-01 10:11:05] [INF] HTTP GET /api/employees/paginated responded 200 in 83.0298 ms
[2026-09-01 10:11:22] [INF] Query Executed 
    SELECT
        e.Id,
        e.EmployeeCode,
        e.Name,
        d.Name AS Department,
        et.Name AS EmploymentType,
        l.Name AS Location,
        e.Attendance,
        e.Performance,
        e.ActiveProjects,
        e.ExperienceYears,
        e.Salary,
        e.JoiningYear,
        e.IsActive,
        e.DepartmentId,
        e.EmploymentTypeId,
        e.LocationId
    FROM Employees e
    INNER JOIN Departments d
        ON e.DepartmentId = d.Id
    INNER JOIN Locations l
        ON e.LocationId = l.Id
    INNER JOIN EmploymentTypes et
        ON e.EmploymentTypeId = et.Id
    WHERE (@DepartmentId IS NULL OR e.DepartmentId = @DepartmentId)
      AND (@EmploymentTypeId IS NULL OR e.EmploymentTypeId = @EmploymentTypeId)
      AND (@LocationId IS NULL OR e.LocationId = @LocationId)
        order by e.Id
        OFFSET @offset rows
        FETCH NEXT  @size rows only
        
[2026-09-01 10:11:22] [INF] Fetched 100 employees from page 181 with total 100000
[2026-09-01 10:11:22] [INF] HTTP GET /api/employees/paginated responded 200 in 34.6272 ms
[2026-09-01 10:11:22] [INF] Query Executed 
    SELECT
        e.Id,
        e.EmployeeCode,
        e.Name,
        d.Name AS Department,
        et.Name AS EmploymentType,
        l.Name AS Location,
        e.Attendance,
        e.Performance,
        e.ActiveProjects,
        e.ExperienceYears,
        e.Salary,
        e.JoiningYear,
        e.IsActive,
        e.DepartmentId,
        e.EmploymentTypeId,
        e.LocationId
    FROM Employees e
    INNER JOIN Departments d
        ON e.DepartmentId = d.Id
    INNER JOIN Locations l
        ON e.LocationId = l.Id
    INNER JOIN EmploymentTypes et
        ON e.EmploymentTypeId = et.Id
    WHERE (@DepartmentId IS NULL OR e.DepartmentId = @DepartmentId)
      AND (@EmploymentTypeId IS NULL OR e.EmploymentTypeId = @EmploymentTypeId)
      AND (@LocationId IS NULL OR e.LocationId = @LocationId)
        order by e.Id
        OFFSET @offset rows
        FETCH NEXT  @size rows only
        
[2026-09-01 10:11:22] [INF] Fetched 100 employees from page 182 with total 100000
[2026-09-01 10:11:22] [INF] HTTP GET /api/employees/paginated responded 200 in 33.9166 ms
[2026-09-01 10:11:24] [INF] Query Executed 
    SELECT
        e.Id,
        e.EmployeeCode,
        e.Name,
        d.Name AS Department,
        et.Name AS EmploymentType,
        l.Name AS Location,
        e.Attendance,
        e.Performance,
        e.ActiveProjects,
        e.ExperienceYears,
        e.Salary,
        e.JoiningYear,
        e.IsActive,
        e.DepartmentId,
        e.EmploymentTypeId,
        e.LocationId
    FROM Employees e
    INNER JOIN Departments d
        ON e.DepartmentId = d.Id
    INNER JOIN Locations l
        ON e.LocationId = l.Id
    INNER JOIN EmploymentTypes et
        ON e.EmploymentTypeId = et.Id
    WHERE (@DepartmentId IS NULL OR e.DepartmentId = @DepartmentId)
      AND (@EmploymentTypeId IS NULL OR e.EmploymentTypeId = @EmploymentTypeId)
      AND (@LocationId IS NULL OR e.LocationId = @LocationId)
        order by e.Id
        OFFSET @offset rows
        FETCH NEXT  @size rows only
        
[2026-09-01 10:11:24] [INF] Fetched 100 employees from page 273 with total 100000
[2026-09-01 10:11:24] [INF] HTTP GET /api/employees/paginated responded 200 in 34.7740 ms
[2026-09-01 10:11:24] [INF] Query Executed 
    SELECT
        e.Id,
        e.EmployeeCode,
        e.Name,
        d.Name AS Department,
        et.Name AS EmploymentType,
        l.Name AS Location,
        e.Attendance,
        e.Performance,
        e.ActiveProjects,
        e.ExperienceYears,
        e.Salary,
        e.JoiningYear,
        e.IsActive,
        e.DepartmentId,
        e.EmploymentTypeId,
        e.LocationId
    FROM Employees e
    INNER JOIN Departments d
        ON e.DepartmentId = d.Id
    INNER JOIN Locations l
        ON e.LocationId = l.Id
    INNER JOIN EmploymentTypes et
        ON e.EmploymentTypeId = et.Id
    WHERE (@DepartmentId IS NULL OR e.DepartmentId = @DepartmentId)
      AND (@EmploymentTypeId IS NULL OR e.EmploymentTypeId = @EmploymentTypeId)
      AND (@LocationId IS NULL OR e.LocationId = @LocationId)
        order by e.Id
        OFFSET @offset rows
        FETCH NEXT  @size rows only
        
[2026-09-01 10:11:24] [INF] Fetched 100 employees from page 276 with total 100000
[2026-09-01 10:11:24] [INF] HTTP GET /api/employees/paginated responded 200 in 39.9376 ms
[2026-09-01 10:12:36] [INF] Query Executed 
    SELECT
        e.Id,
        e.EmployeeCode,
        e.Name,
        d.Name AS Department,
        et.Name AS EmploymentType,
        l.Name AS Location,
        e.Attendance,
        e.Performance,
        e.ActiveProjects,
        e.ExperienceYears,
        e.Salary,
        e.JoiningYear,
        e.IsActive,
        e.DepartmentId,
        e.EmploymentTypeId,
        e.LocationId
    FROM Employees e
    INNER JOIN Departments d
        ON e.DepartmentId = d.Id
    INNER JOIN Locations l
        ON e.LocationId = l.Id
    INNER JOIN EmploymentTypes et
        ON e.EmploymentTypeId = et.Id
    WHERE (@DepartmentId IS NULL OR e.DepartmentId = @DepartmentId)
      AND (@EmploymentTypeId IS NULL OR e.EmploymentTypeId = @EmploymentTypeId)
      AND (@LocationId IS NULL OR e.LocationId = @LocationId)
        order by e.Id
        OFFSET @offset rows
        FETCH NEXT  @size rows only
        
[2026-09-01 10:12:36] [INF] Fetched 100 employees from page 365 with total 100000
[2026-09-01 10:12:36] [INF] HTTP GET /api/employees/paginated responded 200 in 106.4548 ms
[2026-09-01 10:12:36] [INF] Query Executed 
    SELECT
        e.Id,
        e.EmployeeCode,
        e.Name,
        d.Name AS Department,
        et.Name AS EmploymentType,
        l.Name AS Location,
        e.Attendance,
        e.Performance,
        e.ActiveProjects,
        e.ExperienceYears,
        e.Salary,
        e.JoiningYear,
        e.IsActive,
        e.DepartmentId,
        e.EmploymentTypeId,
        e.LocationId
    FROM Employees e
    INNER JOIN Departments d
        ON e.DepartmentId = d.Id
    INNER JOIN Locations l
        ON e.LocationId = l.Id
    INNER JOIN EmploymentTypes et
        ON e.EmploymentTypeId = et.Id
    WHERE (@DepartmentId IS NULL OR e.DepartmentId = @DepartmentId)
      AND (@EmploymentTypeId IS NULL OR e.EmploymentTypeId = @EmploymentTypeId)
      AND (@LocationId IS NULL OR e.LocationId = @LocationId)
        order by e.Id
        OFFSET @offset rows
        FETCH NEXT  @size rows only
        
[2026-09-01 10:12:36] [INF] Fetched 100 employees from page 368 with total 100000
[2026-09-01 10:12:36] [INF] HTTP GET /api/employees/paginated responded 200 in 66.9255 ms
[2026-09-01 10:33:14] [INF] HTTP GET /api/employees/paginated responded 401 in 0.6615 ms
[2026-09-01 10:33:14] [INF] HTTP GET /api/employees/paginated responded 401 in 0.5319 ms
[2026-09-01 10:33:14] [INF] Refresh started
[2026-09-01 10:33:14] [INF] Access token refreshed successfully for user 3
[2026-09-01 10:33:14] [INF] Refresh ended in 205.42 ms
[2026-09-01 10:33:14] [INF] HTTP POST /api/auth/refresh responded 200 in 208.2134 ms
[2026-09-01 10:33:14] [INF] Query Executed 
    SELECT
        e.Id,
        e.EmployeeCode,
        e.Name,
        d.Name AS Department,
        et.Name AS EmploymentType,
        l.Name AS Location,
        e.Attendance,
        e.Performance,
        e.ActiveProjects,
        e.ExperienceYears,
        e.Salary,
        e.JoiningYear,
        e.IsActive,
        e.DepartmentId,
        e.EmploymentTypeId,
        e.LocationId
    FROM Employees e
    INNER JOIN Departments d
        ON e.DepartmentId = d.Id
    INNER JOIN Locations l
        ON e.LocationId = l.Id
    INNER JOIN EmploymentTypes et
        ON e.EmploymentTypeId = et.Id
    WHERE (@DepartmentId IS NULL OR e.DepartmentId = @DepartmentId)
      AND (@EmploymentTypeId IS NULL OR e.EmploymentTypeId = @EmploymentTypeId)
      AND (@LocationId IS NULL OR e.LocationId = @LocationId)
        order by e.Id
        OFFSET @offset rows
        FETCH NEXT  @size rows only
        
[2026-09-01 10:33:14] [INF] Query Executed 
    SELECT
        e.Id,
        e.EmployeeCode,
        e.Name,
        d.Name AS Department,
        et.Name AS EmploymentType,
        l.Name AS Location,
        e.Attendance,
        e.Performance,
        e.ActiveProjects,
        e.ExperienceYears,
        e.Salary,
        e.JoiningYear,
        e.IsActive,
        e.DepartmentId,
        e.EmploymentTypeId,
        e.LocationId
    FROM Employees e
    INNER JOIN Departments d
        ON e.DepartmentId = d.Id
    INNER JOIN Locations l
        ON e.LocationId = l.Id
    INNER JOIN EmploymentTypes et
        ON e.EmploymentTypeId = et.Id
    WHERE (@DepartmentId IS NULL OR e.DepartmentId = @DepartmentId)
      AND (@EmploymentTypeId IS NULL OR e.EmploymentTypeId = @EmploymentTypeId)
      AND (@LocationId IS NULL OR e.LocationId = @LocationId)
        order by e.Id
        OFFSET @offset rows
        FETCH NEXT  @size rows only
        
[2026-09-01 10:33:14] [INF] Fetched 100 employees from page 460 with total 100000
[2026-09-01 10:33:14] [INF] Fetched 100 employees from page 457 with total 100000
[2026-09-01 10:33:14] [INF] HTTP GET /api/employees/paginated responded 200 in 141.9637 ms
[2026-09-01 10:33:14] [INF] HTTP GET /api/employees/paginated responded 200 in 143.9614 ms
[2026-09-01 10:33:21] [INF] Query Executed 
    SELECT
        e.Id,
        e.EmployeeCode,
        e.Name,
        d.Name AS Department,
        et.Name AS EmploymentType,
        l.Name AS Location,
        e.Attendance,
        e.Performance,
        e.ActiveProjects,
        e.ExperienceYears,
        e.Salary,
        e.JoiningYear,
        e.IsActive,
        e.DepartmentId,
        e.EmploymentTypeId,
        e.LocationId
    FROM Employees e
    INNER JOIN Departments d
        ON e.DepartmentId = d.Id
    INNER JOIN Locations l
        ON e.LocationId = l.Id
    INNER JOIN EmploymentTypes et
        ON e.EmploymentTypeId = et.Id
    WHERE (@DepartmentId IS NULL OR e.DepartmentId = @DepartmentId)
      AND (@EmploymentTypeId IS NULL OR e.EmploymentTypeId = @EmploymentTypeId)
      AND (@LocationId IS NULL OR e.LocationId = @LocationId)
        order by e.Id
        OFFSET @offset rows
        FETCH NEXT  @size rows only
        
[2026-09-01 10:33:21] [INF] Fetched 100 employees from page 550 with total 100000
[2026-09-01 10:33:21] [INF] HTTP GET /api/employees/paginated responded 200 in 67.1420 ms
[2026-09-01 10:33:21] [INF] Query Executed 
    SELECT
        e.Id,
        e.EmployeeCode,
        e.Name,
        d.Name AS Department,
        et.Name AS EmploymentType,
        l.Name AS Location,
        e.Attendance,
        e.Performance,
        e.ActiveProjects,
        e.ExperienceYears,
        e.Salary,
        e.JoiningYear,
        e.IsActive,
        e.DepartmentId,
        e.EmploymentTypeId,
        e.LocationId
    FROM Employees e
    INNER JOIN Departments d
        ON e.DepartmentId = d.Id
    INNER JOIN Locations l
        ON e.LocationId = l.Id
    INNER JOIN EmploymentTypes et
        ON e.EmploymentTypeId = et.Id
    WHERE (@DepartmentId IS NULL OR e.DepartmentId = @DepartmentId)
      AND (@EmploymentTypeId IS NULL OR e.EmploymentTypeId = @EmploymentTypeId)
      AND (@LocationId IS NULL OR e.LocationId = @LocationId)
        order by e.Id
        OFFSET @offset rows
        FETCH NEXT  @size rows only
        
[2026-09-01 10:33:21] [INF] Fetched 100 employees from page 550 with total 100000
[2026-09-01 10:33:21] [INF] HTTP GET /api/employees/paginated responded 200 in 42.8809 ms
[2026-09-01 10:33:23] [INF] Query Executed 
    SELECT
        e.Id,
        e.EmployeeCode,
        e.Name,
        d.Name AS Department,
        et.Name AS EmploymentType,
        l.Name AS Location,
        e.Attendance,
        e.Performance,
        e.ActiveProjects,
        e.ExperienceYears,
        e.Salary,
        e.JoiningYear,
        e.IsActive,
        e.DepartmentId,
        e.EmploymentTypeId,
        e.LocationId
    FROM Employees e
    INNER JOIN Departments d
        ON e.DepartmentId = d.Id
    INNER JOIN Locations l
        ON e.LocationId = l.Id
    INNER JOIN EmploymentTypes et
        ON e.EmploymentTypeId = et.Id
    WHERE (@DepartmentId IS NULL OR e.DepartmentId = @DepartmentId)
      AND (@EmploymentTypeId IS NULL OR e.EmploymentTypeId = @EmploymentTypeId)
      AND (@LocationId IS NULL OR e.LocationId = @LocationId)
        order by e.Id
        OFFSET @offset rows
        FETCH NEXT  @size rows only
        
[2026-09-01 10:33:23] [INF] Fetched 100 employees from page 640 with total 100000
[2026-09-01 10:33:23] [INF] HTTP GET /api/employees/paginated responded 200 in 42.0742 ms
[2026-09-01 10:33:23] [INF] Query Executed 
    SELECT
        e.Id,
        e.EmployeeCode,
        e.Name,
        d.Name AS Department,
        et.Name AS EmploymentType,
        l.Name AS Location,
        e.Attendance,
        e.Performance,
        e.ActiveProjects,
        e.ExperienceYears,
        e.Salary,
        e.JoiningYear,
        e.IsActive,
        e.DepartmentId,
        e.EmploymentTypeId,
        e.LocationId
    FROM Employees e
    INNER JOIN Departments d
        ON e.DepartmentId = d.Id
    INNER JOIN Locations l
        ON e.LocationId = l.Id
    INNER JOIN EmploymentTypes et
        ON e.EmploymentTypeId = et.Id
    WHERE (@DepartmentId IS NULL OR e.DepartmentId = @DepartmentId)
      AND (@EmploymentTypeId IS NULL OR e.EmploymentTypeId = @EmploymentTypeId)
      AND (@LocationId IS NULL OR e.LocationId = @LocationId)
        order by e.Id
        OFFSET @offset rows
        FETCH NEXT  @size rows only
        
[2026-09-01 10:33:23] [INF] Fetched 100 employees from page 643 with total 100000
[2026-09-01 10:33:23] [INF] HTTP GET /api/employees/paginated responded 200 in 47.9783 ms
[2026-09-01 10:33:26] [INF] Query Executed 
    SELECT
        e.Id,
        e.EmployeeCode,
        e.Name,
        d.Name AS Department,
        et.Name AS EmploymentType,
        l.Name AS Location,
        e.Attendance,
        e.Performance,
        e.ActiveProjects,
        e.ExperienceYears,
        e.Salary,
        e.JoiningYear,
        e.IsActive,
        e.DepartmentId,
        e.EmploymentTypeId,
        e.LocationId
    FROM Employees e
    INNER JOIN Departments d
        ON e.DepartmentId = d.Id
    INNER JOIN Locations l
        ON e.LocationId = l.Id
    INNER JOIN EmploymentTypes et
        ON e.EmploymentTypeId = et.Id
    WHERE (@DepartmentId IS NULL OR e.DepartmentId = @DepartmentId)
      AND (@EmploymentTypeId IS NULL OR e.EmploymentTypeId = @EmploymentTypeId)
      AND (@LocationId IS NULL OR e.LocationId = @LocationId)
        order by e.Id
        OFFSET @offset rows
        FETCH NEXT  @size rows only
        
[2026-09-01 10:33:26] [INF] Fetched 100 employees from page 733 with total 100000
[2026-09-01 10:33:26] [INF] HTTP GET /api/employees/paginated responded 200 in 37.1921 ms
[2026-09-01 10:33:26] [INF] Query Executed 
    SELECT
        e.Id,
        e.EmployeeCode,
        e.Name,
        d.Name AS Department,
        et.Name AS EmploymentType,
        l.Name AS Location,
        e.Attendance,
        e.Performance,
        e.ActiveProjects,
        e.ExperienceYears,
        e.Salary,
        e.JoiningYear,
        e.IsActive,
        e.DepartmentId,
        e.EmploymentTypeId,
        e.LocationId
    FROM Employees e
    INNER JOIN Departments d
        ON e.DepartmentId = d.Id
    INNER JOIN Locations l
        ON e.LocationId = l.Id
    INNER JOIN EmploymentTypes et
        ON e.EmploymentTypeId = et.Id
    WHERE (@DepartmentId IS NULL OR e.DepartmentId = @DepartmentId)
      AND (@EmploymentTypeId IS NULL OR e.EmploymentTypeId = @EmploymentTypeId)
      AND (@LocationId IS NULL OR e.LocationId = @LocationId)
        order by e.Id
        OFFSET @offset rows
        FETCH NEXT  @size rows only
        
[2026-09-01 10:33:26] [INF] Fetched 100 employees from page 733 with total 100000
[2026-09-01 10:33:26] [INF] HTTP GET /api/employees/paginated responded 200 in 41.7436 ms
[2026-09-01 10:33:29] [INF] Query Executed 
    SELECT
        e.Id,
        e.EmployeeCode,
        e.Name,
        d.Name AS Department,
        et.Name AS EmploymentType,
        l.Name AS Location,
        e.Attendance,
        e.Performance,
        e.ActiveProjects,
        e.ExperienceYears,
        e.Salary,
        e.JoiningYear,
        e.IsActive,
        e.DepartmentId,
        e.EmploymentTypeId,
        e.LocationId
    FROM Employees e
    INNER JOIN Departments d
        ON e.DepartmentId = d.Id
    INNER JOIN Locations l
        ON e.LocationId = l.Id
    INNER JOIN EmploymentTypes et
        ON e.EmploymentTypeId = et.Id
    WHERE (@DepartmentId IS NULL OR e.DepartmentId = @DepartmentId)
      AND (@EmploymentTypeId IS NULL OR e.EmploymentTypeId = @EmploymentTypeId)
      AND (@LocationId IS NULL OR e.LocationId = @LocationId)
        order by e.Id
        OFFSET @offset rows
        FETCH NEXT  @size rows only
        
[2026-09-01 10:33:29] [INF] Fetched 100 employees from page 824 with total 100000
[2026-09-01 10:33:29] [INF] HTTP GET /api/employees/paginated responded 200 in 40.2813 ms
[2026-09-01 10:33:29] [INF] Query Executed 
    SELECT
        e.Id,
        e.EmployeeCode,
        e.Name,
        d.Name AS Department,
        et.Name AS EmploymentType,
        l.Name AS Location,
        e.Attendance,
        e.Performance,
        e.ActiveProjects,
        e.ExperienceYears,
        e.Salary,
        e.JoiningYear,
        e.IsActive,
        e.DepartmentId,
        e.EmploymentTypeId,
        e.LocationId
    FROM Employees e
    INNER JOIN Departments d
        ON e.DepartmentId = d.Id
    INNER JOIN Locations l
        ON e.LocationId = l.Id
    INNER JOIN EmploymentTypes et
        ON e.EmploymentTypeId = et.Id
    WHERE (@DepartmentId IS NULL OR e.DepartmentId = @DepartmentId)
      AND (@EmploymentTypeId IS NULL OR e.EmploymentTypeId = @EmploymentTypeId)
      AND (@LocationId IS NULL OR e.LocationId = @LocationId)
        order by e.Id
        OFFSET @offset rows
        FETCH NEXT  @size rows only
        
[2026-09-01 10:33:29] [INF] Fetched 100 employees from page 825 with total 100000
[2026-09-01 10:33:29] [INF] HTTP GET /api/employees/paginated responded 200 in 40.3574 ms
[2026-09-01 10:33:31] [INF] Query Executed 
    SELECT
        e.Id,
        e.EmployeeCode,
        e.Name,
        d.Name AS Department,
        et.Name AS EmploymentType,
        l.Name AS Location,
        e.Attendance,
        e.Performance,
        e.ActiveProjects,
        e.ExperienceYears,
        e.Salary,
        e.JoiningYear,
        e.IsActive,
        e.DepartmentId,
        e.EmploymentTypeId,
        e.LocationId
    FROM Employees e
    INNER JOIN Departments d
        ON e.DepartmentId = d.Id
    INNER JOIN Locations l
        ON e.LocationId = l.Id
    INNER JOIN EmploymentTypes et
        ON e.EmploymentTypeId = et.Id
    WHERE (@DepartmentId IS NULL OR e.DepartmentId = @DepartmentId)
      AND (@EmploymentTypeId IS NULL OR e.EmploymentTypeId = @EmploymentTypeId)
      AND (@LocationId IS NULL OR e.LocationId = @LocationId)
        order by e.Id
        OFFSET @offset rows
        FETCH NEXT  @size rows only
        
[2026-09-01 10:33:31] [INF] Fetched 100 employees from page 916 with total 100000
[2026-09-01 10:33:31] [INF] HTTP GET /api/employees/paginated responded 200 in 44.5288 ms
[2026-09-01 10:33:31] [INF] Query Executed 
    SELECT
        e.Id,
        e.EmployeeCode,
        e.Name,
        d.Name AS Department,
        et.Name AS EmploymentType,
        l.Name AS Location,
        e.Attendance,
        e.Performance,
        e.ActiveProjects,
        e.ExperienceYears,
        e.Salary,
        e.JoiningYear,
        e.IsActive,
        e.DepartmentId,
        e.EmploymentTypeId,
        e.LocationId
    FROM Employees e
    INNER JOIN Departments d
        ON e.DepartmentId = d.Id
    INNER JOIN Locations l
        ON e.LocationId = l.Id
    INNER JOIN EmploymentTypes et
        ON e.EmploymentTypeId = et.Id
    WHERE (@DepartmentId IS NULL OR e.DepartmentId = @DepartmentId)
      AND (@EmploymentTypeId IS NULL OR e.EmploymentTypeId = @EmploymentTypeId)
      AND (@LocationId IS NULL OR e.LocationId = @LocationId)
        order by e.Id
        OFFSET @offset rows
        FETCH NEXT  @size rows only
        
[2026-09-01 10:33:31] [INF] Fetched 100 employees from page 918 with total 100000
[2026-09-01 10:33:31] [INF] HTTP GET /api/employees/paginated responded 200 in 53.7624 ms
